Archive member included to satisfy reference by file (symbol)

examples/libexamples.a(tetris.c.obj)
                              CMakeFiles/main.dir/main.c.obj (tetris)
examples/libexamples.a(input.c.obj)
                              examples/libexamples.a(tetris.c.obj) (input_init)
examples/libexamples.a(random.c.obj)
                              examples/libexamples.a(tetris.c.obj) (random_byte)
lib/lcd/liblcd.a(LCD_Bmp.c.obj)
                              CMakeFiles/main.dir/main.c.obj (SD_Init)
lib/lcd/liblcd.a(LCD_Driver.c.obj)
                              lib/lcd/liblcd.a(LCD_Bmp.c.obj) (LCD_SetGramScanWay)
lib/lcd/liblcd.a(LCD_GUI.c.obj)
                              CMakeFiles/main.dir/main.c.obj (GUI_Clear)
lib/lcd/liblcd.a(LCD_Touch.c.obj)
                              CMakeFiles/main.dir/main.c.obj (TP_Init)
lib/font/libfont.a(font12.c.obj)
                              lib/lcd/liblcd.a(LCD_GUI.c.obj) (Font12)
lib/font/libfont.a(font16.c.obj)
                              examples/libexamples.a(tetris.c.obj) (Font16)
lib/font/libfont.a(font20.c.obj)
                              lib/lcd/liblcd.a(LCD_GUI.c.obj) (Font20)
lib/font/libfont.a(font24.c.obj)
                              CMakeFiles/main.dir/main.c.obj (Font24)
lib/font/libfont.a(font8.c.obj)
                              lib/lcd/liblcd.a(LCD_GUI.c.obj) (Font8)
lib/config/libconfig.a(DEV_Config.c.obj)
                              lib/lcd/liblcd.a(LCD_Bmp.c.obj) (DEV_Digital_Write)
lib/fatfs/libfatfs.a(fatfs_storage.c.obj)
                              lib/lcd/liblcd.a(LCD_Bmp.c.obj) (Storage_OpenReadFile)
lib/fatfs/libfatfs.a(ff.c.obj)
                              lib/lcd/liblcd.a(LCD_Bmp.c.obj) (f_mount)
lib/fatfs/libfatfs.a(diskio.c.obj)
                              lib/fatfs/libfatfs.a(ff.c.obj) (disk_initialize)
lib/sdcard/libsdcard.a(MMC_SD.c.obj)
                              lib/fatfs/libfatfs.a(diskio.c.obj) (SD_SPI_ReadWriteByte)
c:/program files (x86)/arm gnu toolchain arm-none-eabi/11.2 2022.02/bin/../lib/gcc/arm-none-eabi/11.2.1/thumb/v6-m/nofp\libgcc.a(_dvmd_tls.o)
                              CMakeFiles/main.dir/home/ben/pico-toolchain/pico/pico-sdk/src/rp2_common/pico_divider/divider.S.obj (__aeabi_idiv0)
c:/program files (x86)/arm gnu toolchain arm-none-eabi/11.2 2022.02/bin/../lib/gcc/arm-none-eabi/11.2.1/thumb/v6-m/nofp\libc.a(lib_a-calloc.o)
                              CMakeFiles/main.dir/home/ben/pico-toolchain/pico/pico-sdk/src/rp2_common/pico_malloc/pico_malloc.c.obj (calloc)
c:/program files (x86)/arm gnu toolchain arm-none-eabi/11.2 2022.02/bin/../lib/gcc/arm-none-eabi/11.2.1/thumb/v6-m/nofp\libc.a(lib_a-callocr.o)
                              c:/program files (x86)/arm gnu toolchain arm-none-eabi/11.2 2022.02/bin/../lib/gcc/arm-none-eabi/11.2.1/thumb/v6-m/nofp\libc.a(lib_a-calloc.o) (_calloc_r)
c:/program files (x86)/arm gnu toolchain arm-none-eabi/11.2 2022.02/bin/../lib/gcc/arm-none-eabi/11.2.1/thumb/v6-m/nofp\libc.a(lib_a-errno.o)
                              c:/program files (x86)/arm gnu toolchain arm-none-eabi/11.2 2022.02/bin/../lib/gcc/arm-none-eabi/11.2.1/thumb/v6-m/nofp\libc.a(lib_a-callocr.o) (__errno)
c:/program files (x86)/arm gnu toolchain arm-none-eabi/11.2 2022.02/bin/../lib/gcc/arm-none-eabi/11.2.1/thumb/v6-m/nofp\libc.a(lib_a-impure.o)
                              c:/program files (x86)/arm gnu toolchain arm-none-eabi/11.2 2022.02/bin/../lib/gcc/arm-none-eabi/11.2.1/thumb/v6-m/nofp\libc.a(lib_a-calloc.o) (_impure_ptr)
c:/program files (x86)/arm gnu toolchain arm-none-eabi/11.2 2022.02/bin/../lib/gcc/arm-none-eabi/11.2.1/thumb/v6-m/nofp\libc.a(lib_a-init.o)
                              c:/program files (x86)/arm gnu toolchain arm-none-eabi/11.2 2022.02/bin/../lib/gcc/arm-none-eabi/11.2.1/thumb/v6-m/nofp/crt0.o (__libc_init_array)
c:/program files (x86)/arm gnu toolchain arm-none-eabi/11.2 2022.02/bin/../lib/gcc/arm-none-eabi/11.2.1/thumb/v6-m/nofp\libc.a(lib_a-malloc.o)
                              CMakeFiles/main.dir/home/ben/pico-toolchain/pico/pico-sdk/src/rp2_common/pico_malloc/pico_malloc.c.obj (malloc)
c:/program files (x86)/arm gnu toolchain arm-none-eabi/11.2 2022.02/bin/../lib/gcc/arm-none-eabi/11.2.1/thumb/v6-m/nofp\libc.a(lib_a-mallocr.o)
                              c:/program files (x86)/arm gnu toolchain arm-none-eabi/11.2 2022.02/bin/../lib/gcc/arm-none-eabi/11.2.1/thumb/v6-m/nofp\libc.a(lib_a-callocr.o) (_malloc_r)
c:/program files (x86)/arm gnu toolchain arm-none-eabi/11.2 2022.02/bin/../lib/gcc/arm-none-eabi/11.2.1/thumb/v6-m/nofp\libc.a(lib_a-memmove.o)
                              examples/libexamples.a(tetris.c.obj) (memmove)
c:/program files (x86)/arm gnu toolchain arm-none-eabi/11.2 2022.02/bin/../lib/gcc/arm-none-eabi/11.2.1/thumb/v6-m/nofp\libc.a(lib_a-mlock.o)
[...]
Memory Configuration

Name             Origin             Length             Attributes
FLASH            0x10000000         0x00200000         xr
RAM              0x20000000         0x00040000         xrw
SCRATCH_X        0x20040000         0x00001000         xrw
SCRATCH_Y        0x20041000         0x00001000         xrw
*default*        0x00000000         0xffffffff

Linker script and memory map

LOAD c:/program files (x86)/arm gnu toolchain arm-none-eabi/11.2 2022.02/bin/../lib/gcc/arm-none-eabi/11.2.1/thumb/v6-m/nofp/crti.o
LOAD c:/program files (x86)/arm gnu toolchain arm-none-eabi/11.2 2022.02/bin/../lib/gcc/arm-none-eabi/11.2.1/thumb/v6-m/nofp/crtbegin.o
LOAD c:/program files (x86)/arm gnu toolchain arm-none-eabi/11.2 2022.02/bin/../lib/gcc/arm-none-eabi/11.2.1/thumb/v6-m/nofp/crt0.o

.flash_begin    0x10000000        0x0
                0x10000000                __flash_binary_start = .

.boot2          0x10000000      0x100
                0x10000000                __boot2_start__ = .
 *(.boot2)
 .boot2         0x10000000      0x100 C:\Users\ben_l\AppData\Local\Temp\cckqLerR.o
                0x10000100                __boot2_end__ = .
                0x00000001                ASSERT (((__boot2_end__ - __boot2_start__) == 0x100), ERROR: Pico second stage bootloader must be 256 bytes in size)

.text           0x10000100     0xb120
                0x10000100                __logical_binary_start = .
 *(.vectors)
 .vectors       0x10000100       0xd4 CMakeFiles/main.dir/home/ben/pico-toolchain/pico/pico-sdk/src/rp2_common/pico_standard_link/crt0.S.obj
                0x10000100                __VECTOR_TABLE
                0x10000100                __vectors
                0x100001c0                isr_invalid
                0x100001c0                __default_isrs_start
                0x100001c2                isr_nmi
                0x100001c4                isr_hardfault
                0x100001c6                isr_svcall
                0x100001c8                isr_pendsv
                0x100001ca                isr_systick
                0x100001cc                isr_irq23
                0x100001cc                isr_irq18
                0x100001cc                isr_irq11
                0x100001cc                isr_irq28
                0x100001cc                isr_irq19
                0x100001cc                isr_irq0
                0x100001cc                isr_irq6
                0x100001cc                isr_irq5
                0x100001cc                isr_irq12
                0x100001cc                isr_irq22
                0x100001cc                isr_irq31
                0x100001cc                isr_irq17
                0x100001cc                isr_irq27
                0x100001cc                isr_irq30
                0x100001cc                isr_irq2
                0x100001cc                isr_irq10
                0x100001cc                isr_irq8
                0x100001cc                isr_irq24
                0x100001cc                isr_irq1
                0x100001cc                isr_irq7
                0x100001cc                isr_irq21
                0x100001cc                isr_irq20
                0x100001cc                isr_irq15
                0x100001cc                isr_irq25
                0x100001cc                isr_irq13
                0x100001cc                __unhandled_user_irq
                0x100001cc                isr_irq4
                0x100001cc                isr_irq16
                0x100001cc                isr_irq29
                0x100001cc                isr_irq26
                0x100001cc                __default_isrs_end
                0x100001cc                isr_irq3
                0x100001cc                isr_irq14
                0x100001cc                isr_irq9
                0x100001d2                unhandled_user_irq_num_in_r0
 *(.binary_info_header)
 .binary_info_header
                0x100001d4       0x14 CMakeFiles/main.dir/home/ben/pico-toolchain/pico/pico-sdk/src/rp2_common/pico_standard_link/crt0.S.obj
                0x100001e8                __binary_info_header_end = .
 *(.reset)
 .reset         0x100001e8       0xa8 CMakeFiles/main.dir/home/ben/pico-toolchain/pico/pico-sdk/src/rp2_common/pico_standard_link/crt0.S.obj
                0x100001e8                _entry_point
                0x10000266                __get_current_exception
 .reset         0x10000290       0x30 CMakeFiles/main.dir/home/ben/pico-toolchain/pico/pico-sdk/src/rp2_common/pico_standard_link/binary_info.c.obj
 *(.init)
 .init          0x100002c0        0x4 c:/program files (x86)/arm gnu toolchain arm-none-eabi/11.2 2022.02/bin/../lib/gcc/arm-none-eabi/11.2.1/thumb/v6-m/nofp/crti.o
                0x100002c0                _init
 *(EXCLUDE_FILE(*libm.a: *libc.a:*lib_a-mem*.o *libgcc.a:) .text*)
 .text.register_tm_clones
                0x100002c4       0x28 c:/program files (x86)/arm gnu toolchain arm-none-eabi/11.2 2022.02/bin/../lib/gcc/arm-none-eabi/11.2.1/thumb/v6-m/nofp/crtbegin.o
 .text.frame_dummy
                0x100002ec       0x24 c:/program files (x86)/arm gnu toolchain arm-none-eabi/11.2 2022.02/bin/../lib/gcc/arm-none-eabi/11.2.1/thumb/v6-m/nofp/crtbegin.o
 .text.RunProgram
                0x10000310       0x38 CMakeFiles/main.dir/main.c.obj
                0x10000310                RunProgram
 .text.startup.main
                0x10000348       0x60 CMakeFiles/main.dir/main.c.obj
                0x10000348                main
 .text.gpio_default_irq_handler
                0x100003a8      0x244 CMakeFiles/main.dir/home/ben/pico-toolchain/pico/pico-sdk/src/rp2_common/hardware_gpio/gpio.c.obj
 .text.gpio_set_function
                0x100005ec       0x30 CMakeFiles/main.dir/home/ben/pico-toolchain/pico/pico-sdk/src/rp2_common/hardware_gpio/gpio.c.obj
                0x100005ec                gpio_set_function
 .text.gpio_set_pulls
                0x1000061c       0x24 CMakeFiles/main.dir/home/ben/pico-toolchain/pico/pico-sdk/src/rp2_common/hardware_gpio/gpio.c.obj
                0x1000061c                gpio_set_pulls
 .text.gpio_set_irq_enabled_with_callback
                0x10000640       0xb8 CMakeFiles/main.dir/home/ben/pico-toolchain/pico/pico-sdk/src/rp2_common/hardware_gpio/gpio.c.obj
                0x10000640                gpio_set_irq_enabled_with_callback
 .text.gpio_set_input_enabled
                0x100006f8       0x28 CMakeFiles/main.dir/home/ben/pico-toolchain/pico/pico-sdk/src/rp2_common/hardware_gpio/gpio.c.obj
                0x100006f8                gpio_set_input_enabled
 .text.gpio_init
                0x10000720       0x3c CMakeFiles/main.dir/home/ben/pico-toolchain/pico/pico-sdk/src/rp2_common/hardware_gpio/gpio.c.obj
                0x10000720                gpio_init
 .text.hw_claim_or_assert
                0x1000075c       0x44 CMakeFiles/main.dir/home/ben/pico-toolchain/pico/pico-sdk/src/rp2_common/hardware_claim/claim.c.obj
                0x1000075c                hw_claim_or_assert
 .text.hw_claim_unused_from_range
                0x100007a0       0x9c CMakeFiles/main.dir/home/ben/pico-toolchain/pico/pico-sdk/src/rp2_common/hardware_claim/claim.c.obj
                0x100007a0                hw_claim_unused_from_range
 .text.running_on_fpga
                0x1000083c       0x10 CMakeFiles/main.dir/home/ben/pico-toolchain/pico/pico-sdk/src/rp2_common/pico_platform/platform.c.obj
                0x1000083c                running_on_fpga
 .text.spin_locks_reset
                0x1000084c       0x1c CMakeFiles/main.dir/home/ben/pico-toolchain/pico/pico-sdk/src/rp2_common/hardware_sync/sync.c.obj
                0x1000084c                spin_locks_reset
 .text.next_striped_spin_lock_num
                0x10000868       0x18 CMakeFiles/main.dir/home/ben/pico-toolchain/pico/pico-sdk/src/rp2_common/hardware_sync/sync.c.obj
                0x10000868                next_striped_spin_lock_num
 .text.spin_lock_claim_unused
                0x10000880       0x24 CMakeFiles/main.dir/home/ben/pico-toolchain/pico/pico-sdk/src/rp2_common/hardware_sync/sync.c.obj
                0x10000880                spin_lock_claim_unused
 .text.irq_set_enabled
                0x100008a4       0x24 CMakeFiles/main.dir/home/ben/pico-toolchain/pico/pico-sdk/src/rp2_common/hardware_irq/irq.c.obj
                0x100008a4                irq_set_enabled
 .text.irq_set_pending
                0x100008c8       0x10 CMakeFiles/main.dir/home/ben/pico-toolchain/pico/pico-sdk/src/rp2_common/hardware_irq/irq.c.obj
                0x100008c8                irq_set_pending
 .text.irq_has_shared_handler
                0x100008d8       0x2c CMakeFiles/main.dir/home/ben/pico-toolchain/pico/pico-sdk/src/rp2_common/hardware_irq/irq.c.obj
                0x100008d8                irq_has_shared_handler
 .text.irq_get_vtable_handler
                0x10000904       0x10 CMakeFiles/main.dir/home/ben/pico-toolchain/pico/pico-sdk/src/rp2_common/hardware_irq/irq.c.obj
                0x10000904                irq_get_vtable_handler
 .text.irq_set_exclusive_handler
                0x10000914       0x54 CMakeFiles/main.dir/home/ben/pico-toolchain/pico/pico-sdk/src/rp2_common/hardware_irq/irq.c.obj
                0x10000914                irq_set_exclusive_handler
 .text.irq_add_shared_handler
                0x10000968      0x1e0 CMakeFiles/main.dir/home/ben/pico-toolchain/pico/pico-sdk/src/rp2_common/hardware_irq/irq.c.obj
                0x10000968                irq_add_shared_handler
 .text.irq_remove_handler
                0x10000b48      0x1b4 CMakeFiles/main.dir/home/ben/pico-toolchain/pico/pico-sdk/src/rp2_common/hardware_irq/irq.c.obj
                0x10000b48                irq_remove_handler
 .text.irq_add_tail_to_free_list
                0x10000cfc       0xb4 CMakeFiles/main.dir/home/ben/pico-toolchain/pico/pico-sdk/src/rp2_common/hardware_irq/irq.c.obj
                0x10000cfc                irq_add_tail_to_free_list
 .text.irq_init_priorities
                0x10000db0       0x24 CMakeFiles/main.dir/home/ben/pico-toolchain/pico/pico-sdk/src/rp2_common/hardware_irq/irq.c.obj
                0x10000db0                irq_init_priorities
 .text.user_irq_claim_unused
                0x10000dd4       0x30 CMakeFiles/main.dir/home/ben/pico-toolchain/pico/pico-sdk/src/rp2_common/hardware_irq/irq.c.obj
                0x10000dd4                user_irq_claim_unused
 .text.lock_init
                0x10000e04       0x10 CMakeFiles/main.dir/home/ben/pico-toolchain/pico/pico-sdk/src/common/pico_sync/lock_core.c.obj
                0x10000e04                lock_init
 .text.timer_pool_entry_comparator
                0x10000e14       0x34 CMakeFiles/main.dir/home/ben/pico-toolchain/pico/pico-sdk/src/common/pico_time/time.c.obj
                0x10000e14                timer_pool_entry_comparator
 .text.sleep_until_callback
                0x10000e48       0x30 CMakeFiles/main.dir/home/ben/pico-toolchain/pico/pico-sdk/src/common/pico_time/time.c.obj
 .text.add_alarm_under_lock.isra.0
                0x10000e78      0x104 CMakeFiles/main.dir/home/ben/pico-toolchain/pico/pico-sdk/src/common/pico_time/time.c.obj
 .text.alarm_pool_alarm_callback
                0x10000f7c      0x1c8 CMakeFiles/main.dir/home/ben/pico-toolchain/pico/pico-sdk/src/common/pico_time/time.c.obj
 .text.alarm_pool_add_alarm_at.constprop.0
                0x10001144      0x11c CMakeFiles/main.dir/home/ben/pico-toolchain/pico/pico-sdk/src/common/pico_time/time.c.obj
 .text.alarm_pool_init_default
                0x10001260       0x64 CMakeFiles/main.dir/home/ben/pico-toolchain/pico/pico-sdk/src/common/pico_time/time.c.obj
                0x10001260                alarm_pool_init_default
 .text.alarm_pool_get_default
                0x100012c4        0x8 CMakeFiles/main.dir/home/ben/pico-toolchain/pico/pico-sdk/src/common/pico_time/time.c.obj
                0x100012c4                alarm_pool_get_default
 .text.alarm_pool_add_alarm_at
                0x100012cc      0x1a0 CMakeFiles/main.dir/home/ben/pico-toolchain/pico/pico-sdk/src/common/pico_time/time.c.obj
                0x100012cc                alarm_pool_add_alarm_at
 .text.best_effort_wfe_or_timeout
                0x1000146c       0xc0 CMakeFiles/main.dir/home/ben/pico-toolchain/pico/pico-sdk/src/common/pico_time/time.c.obj
                0x1000146c                best_effort_wfe_or_timeout
 .text.hardware_alarm_irq_handler
                0x1000152c       0xb8 CMakeFiles/main.dir/home/ben/pico-toolchain/pico/pico-sdk/src/rp2_common/hardware_timer/timer.c.obj
 .text.hardware_alarm_claim
                0x100015e4       0x18 CMakeFiles/main.dir/home/ben/pico-toolchain/pico/pico-sdk/src/rp2_common/hardware_timer/timer.c.obj
                0x100015e4                hardware_alarm_claim
 .text.time_us_64
                0x100015fc       0x14 CMakeFiles/main.dir/home/ben/pico-toolchain/pico/pico-sdk/src/rp2_common/hardware_timer/timer.c.obj
                0x100015fc                time_us_64
 .text.busy_wait_us
                0x10001610       0x54 CMakeFiles/main.dir/home/ben/pico-toolchain/pico/pico-sdk/src/rp2_common/hardware_timer/timer.c.obj
                0x10001610                busy_wait_us
 .text.hardware_alarm_set_callback
                0x10001664       0x8c CMakeFiles/main.dir/home/ben/pico-toolchain/pico/pico-sdk/src/rp2_common/hardware_timer/timer.c.obj
                0x10001664                hardware_alarm_set_callback
 .text.hardware_alarm_set_target
                0x100016f0       0xe0 CMakeFiles/main.dir/home/ben/pico-toolchain/pico/pico-sdk/src/rp2_common/hardware_timer/timer.c.obj
                0x100016f0                hardware_alarm_set_target
 .text.hardware_alarm_cancel
                0x100017d0       0x3c CMakeFiles/main.dir/home/ben/pico-toolchain/pico/pico-sdk/src/rp2_common/hardware_timer/timer.c.obj
                0x100017d0                hardware_alarm_cancel
 .text.ph_merge_nodes
                0x1000180c       0x68 CMakeFiles/main.dir/home/ben/pico-toolchain/pico/pico-sdk/src/common/pico_util/pheap.c.obj
 .text.ph_post_alloc_init
                0x10001874       0x3c CMakeFiles/main.dir/home/ben/pico-toolchain/pico/pico-sdk/src/common/pico_util/pheap.c.obj
                0x10001874                ph_post_alloc_init
 .text.ph_merge_two_pass
                0x100018b0       0x9c CMakeFiles/main.dir/home/ben/pico-toolchain/pico/pico-sdk/src/common/pico_util/pheap.c.obj
                0x100018b0                ph_merge_two_pass
 .text.ph_remove_any_head
                0x1000194c       0xf8 CMakeFiles/main.dir/home/ben/pico-toolchain/pico/pico-sdk/src/common/pico_util/pheap.c.obj
 .text.ph_remove_head
                0x10001a44       0xfc CMakeFiles/main.dir/home/ben/pico-toolchain/pico/pico-sdk/src/common/pico_util/pheap.c.obj
                0x10001a44                ph_remove_head
 .text.ph_remove_and_free_node
                0x10001b40       0x7c CMakeFiles/main.dir/home/ben/pico-toolchain/pico/pico-sdk/src/common/pico_util/pheap.c.obj
                0x10001b40                ph_remove_and_free_node
 .text.mutex_init
                0x10001bbc       0x1c CMakeFiles/main.dir/home/ben/pico-toolchain/pico/pico-sdk/src/common/pico_sync/mutex.c.obj
                0x10001bbc                mutex_init
 .text.recursive_mutex_init
                0x10001bd8       0x1c CMakeFiles/main.dir/home/ben/pico-toolchain/pico/pico-sdk/src/common/pico_sync/mutex.c.obj
                0x10001bd8                recursive_mutex_init
 .text.critical_section_init
                0x10001bf4       0x20 CMakeFiles/main.dir/home/ben/pico-toolchain/pico/pico-sdk/src/common/pico_sync/critical_section.c.obj
                0x10001bf4                critical_section_init
 .text.runtime_init
                0x10001c14       0xf0 CMakeFiles/main.dir/home/ben/pico-toolchain/pico/pico-sdk/src/rp2_common/pico_runtime/runtime.c.obj
                0x10001c14                runtime_init
 .text.exit     0x10001d04        0x4 CMakeFiles/main.dir/home/ben/pico-toolchain/pico/pico-sdk/src/rp2_common/pico_runtime/runtime.c.obj
                0x10001d04                exit
 .text.panic    0x10001d08       0x30 CMakeFiles/main.dir/home/ben/pico-toolchain/pico/pico-sdk/src/rp2_common/pico_runtime/runtime.c.obj
                0x10001d08                panic
 .text.hard_assertion_failure
                0x10001d38        0xc CMakeFiles/main.dir/home/ben/pico-toolchain/pico/pico-sdk/src/rp2_common/pico_runtime/runtime.c.obj
                0x10001d38                hard_assertion_failure
 .text.clocks_init
                0x10001d44      0x2b0 CMakeFiles/main.dir/home/ben/pico-toolchain/pico/pico-sdk/src/rp2_common/hardware_clocks/clocks.c.obj
                0x10001d44                clocks_init
 .text.clock_get_hz
                0x10001ff4        0xc CMakeFiles/main.dir/home/ben/pico-toolchain/pico/pico-sdk/src/rp2_common/hardware_clocks/clocks.c.obj
                0x10001ff4                clock_get_hz
 .text.pll_init
                0x10002000       0xa8 CMakeFiles/main.dir/home/ben/pico-toolchain/pico/pico-sdk/src/rp2_common/hardware_pll/pll.c.obj
                0x10002000                pll_init
 .text.watchdog_start_tick
                0x100020a8       0x10 CMakeFiles/main.dir/home/ben/pico-toolchain/pico/pico-sdk/src/rp2_common/hardware_watchdog/watchdog.c.obj
                0x100020a8                watchdog_start_tick
 .text.watchdog_reboot
                0x100020b8       0x9c CMakeFiles/main.dir/home/ben/pico-toolchain/pico/pico-sdk/src/rp2_common/hardware_watchdog/watchdog.c.obj
                0x100020b8                watchdog_reboot
 .text.xosc_init
                0x10002154       0x28 CMakeFiles/main.dir/home/ben/pico-toolchain/pico/pico-sdk/src/rp2_common/hardware_xosc/xosc.c.obj
                0x10002154                xosc_init
 .text._out_null
                0x1000217c        0x4 CMakeFiles/main.dir/home/ben/pico-toolchain/pico/pico-sdk/src/rp2_common/pico_printf/printf.c.obj
 .text._out_rev
                0x10002180       0x90 CMakeFiles/main.dir/home/ben/pico-toolchain/pico/pico-sdk/src/rp2_common/pico_printf/printf.c.obj
 .text._ntoa_format
                0x10002210      0x1cc CMakeFiles/main.dir/home/ben/pico-toolchain/pico/pico-sdk/src/rp2_common/pico_printf/printf.c.obj
 .text._out_char
                0x100023dc       0x10 CMakeFiles/main.dir/home/ben/pico-toolchain/pico/pico-sdk/src/rp2_common/pico_printf/printf.c.obj
 .text._out_fct
                0x100023ec       0x10 CMakeFiles/main.dir/home/ben/pico-toolchain/pico/pico-sdk/src/rp2_common/pico_printf/printf.c.obj
 .text._etoa    0x100023fc      0x44c CMakeFiles/main.dir/home/ben/pico-toolchain/pico/pico-sdk/src/rp2_common/pico_printf/printf.c.obj
 .text._ftoa    0x10002848      0x3d0 CMakeFiles/main.dir/home/ben/pico-toolchain/pico/pico-sdk/src/rp2_common/pico_printf/printf.c.obj
 .text._vsnprintf
                0x10002c18      0xabc CMakeFiles/main.dir/home/ben/pico-toolchain/pico/pico-sdk/src/rp2_common/pico_printf/printf.c.obj
 .text.vfctprintf
                0x100036d4       0x20 CMakeFiles/main.dir/home/ben/pico-toolchain/pico/pico-sdk/src/rp2_common/pico_printf/printf.c.obj
                0x100036d4                vfctprintf
 .text.weak_raw_vprintf
                0x100036f4       0x30 CMakeFiles/main.dir/home/ben/pico-toolchain/pico/pico-sdk/src/rp2_common/pico_printf/printf.c.obj
                0x100036f4                weak_raw_vprintf
 .text          0x10003724       0x10 CMakeFiles/main.dir/home/ben/pico-toolchain/pico/pico-sdk/src/rp2_common/pico_bit_ops/bit_ops_aeabi.S.obj
 .text.rom_func_lookup
                0x10003734       0x10 CMakeFiles/main.dir/home/ben/pico-toolchain/pico/pico-sdk/src/rp2_common/pico_bootrom/bootrom.c.obj
                0x10003734                rom_func_lookup
 .text.rom_data_lookup
                0x10003744       0x10 CMakeFiles/main.dir/home/ben/pico-toolchain/pico/pico-sdk/src/rp2_common/pico_bootrom/bootrom.c.obj
                0x10003744                rom_data_lookup
 .text.rom_funcs_lookup
                0x10003754       0x44 CMakeFiles/main.dir/home/ben/pico-toolchain/pico/pico-sdk/src/rp2_common/pico_bootrom/bootrom.c.obj
                0x10003754                rom_funcs_lookup
 .text.__wrap___aeabi_idiv
                0x10003798       0x50 CMakeFiles/main.dir/home/ben/pico-toolchain/pico/pico-sdk/src/rp2_common/pico_divider/divider.S.obj
                0x10003798                __wrap___aeabi_idivmod
                0x10003798                divmod_s32s32
                0x10003798                div_s32s32
                0x10003798                __wrap___aeabi_idiv
                0x100037a0                divmod_s32s32_unsafe
                0x100037cc                divmod_s32s32_savestate
 .text.__wrap___aeabi_uidiv
                0x100037e8       0x4c CMakeFiles/main.dir/home/ben/pico-toolchain/pico/pico-sdk/src/rp2_common/pico_divider/divider.S.obj
                0x100037e8                __wrap___aeabi_uidiv
                0x100037e8                __wrap___aeabi_uidivmod
                0x100037e8                div_u32u32
                0x100037e8                divmod_u32u32
                0x100037f0                divmod_u32u32_unsafe
                0x10003818                divmod_u32u32_savestate
 .text.__wrap___aeabi_ldiv
                0x10003834      0x434 CMakeFiles/main.dir/home/ben/pico-toolchain/pico/pico-sdk/src/rp2_common/pico_divider/divider.S.obj
                0x10003834                div_s64s64
                0x10003834                divmod_s64s64
                0x10003834                __wrap___aeabi_ldivmod
                0x1000386c                divmod_u64u64
                0x1000386c                div_u64u64
                0x1000386c                __wrap___aeabi_uldivmod
                0x1000387c                divmod_u64u64_savestate
                0x100038a4                divmod_s64s64_unsafe
                0x1000392c                divmod_u64u64_unsafe
 .text.__wrap___aeabi_darithmetic
                0x10003c68       0x80 CMakeFiles/main.dir/home/ben/pico-toolchain/pico/pico-sdk/src/rp2_common/pico_double/double_aeabi.S.obj
                0x10003c68                __wrap___aeabi_drsub
                0x10003c6e                __wrap___aeabi_dsub
                0x10003c80                __wrap___aeabi_dadd
                0x10003c92                __wrap___aeabi_ddiv
                0x10003cce                __wrap___aeabi_dmul
 .text.__wrap___aeabi_cdcmple
                0x10003ce8       0x6c CMakeFiles/main.dir/home/ben/pico-toolchain/pico/pico-sdk/src/rp2_common/pico_double/double_aeabi.S.obj
                0x10003ce8                __wrap___aeabi_cdrcmple
                0x10003cf8                __wrap___aeabi_cdcmpeq
                0x10003cf8                __wrap___aeabi_cdcmple
 .text.__wrap___aeabi_dcmplt
                0x10003d54        0xc CMakeFiles/main.dir/home/ben/pico-toolchain/pico/pico-sdk/src/rp2_common/pico_double/double_aeabi.S.obj
                0x10003d54                __wrap___aeabi_dcmplt
 .text.__wrap___aeabi_dcmple
                0x10003d60       0x10 CMakeFiles/main.dir/home/ben/pico-toolchain/pico/pico-sdk/src/rp2_common/pico_double/double_aeabi.S.obj
                0x10003d60                __wrap___aeabi_dcmple
 .text.__wrap___aeabi_dcmpge
                0x10003d70       0x10 CMakeFiles/main.dir/home/ben/pico-toolchain/pico/pico-sdk/src/rp2_common/pico_double/double_aeabi.S.obj
                0x10003d70                __wrap___aeabi_dcmpge
 .text.__wrap___aeabi_dcmpgt
                0x10003d80        0xa CMakeFiles/main.dir/home/ben/pico-toolchain/pico/pico-sdk/src/rp2_common/pico_double/double_aeabi.S.obj
                0x10003d80                __wrap___aeabi_dcmpgt
 .text.__wrap___aeabi_dcmpun
                0x10003d8a       0x1c CMakeFiles/main.dir/home/ben/pico-toolchain/pico/pico-sdk/src/rp2_common/pico_double/double_aeabi.S.obj
                0x10003d8a                __wrap___aeabi_dcmpun
 *fill*         0x10003da6        0x2 
 .text.__wrap___aeabi_i2d
                0x10003da8       0x38 CMakeFiles/main.dir/home/ben/pico-toolchain/pico/pico-sdk/src/rp2_common/pico_double/double_aeabi.S.obj
                0x10003da8                __wrap___aeabi_ui2d
                0x10003db0                __wrap___aeabi_i2d
 .text.__wrap___aeabi_d2iz
                0x10003de0       0x48 CMakeFiles/main.dir/home/ben/pico-toolchain/pico/pico-sdk/src/rp2_common/pico_double/double_aeabi.S.obj
                0x10003de0                double2int_z
                0x10003de0                __wrap___aeabi_d2iz
 .text.__wrap___aeabi_d2uiz
                0x10003e28       0x18 CMakeFiles/main.dir/home/ben/pico-toolchain/pico/pico-sdk/src/rp2_common/pico_double/double_aeabi.S.obj
                0x10003e28                __wrap___aeabi_d2uiz
                0x10003e28                double2uint
 .text.__aeabi_double_init
                0x10003e40       0x94 CMakeFiles/main.dir/home/ben/pico-toolchain/pico/pico-sdk/src/rp2_common/pico_double/double_init_rom.c.obj
                0x10003e40                __aeabi_double_init
 .text.double_table_shim_on_use_helper
                0x10003ed4       0x2c CMakeFiles/main.dir/home/ben/pico-toolchain/pico/pico-sdk/src/rp2_common/pico_double/double_v1_rom_shim.S.obj
                0x10003ed4                double_table_shim_on_use_helper
 .text.__wrap___aeabi_dsub
                0x10003f00       0x10 CMakeFiles/main.dir/home/ben/pico-toolchain/pico/pico-sdk/src/rp2_common/pico_double/double_v1_rom_shim.S.obj
                0x10003f00                drsub_shim
                0x10003f06                dsub_shim
 .text.dadd_shim
                0x10003f10      0x15c CMakeFiles/main.dir/home/ben/pico-toolchain/pico/pico-sdk/src/rp2_common/pico_double/double_v1_rom_shim.S.obj
                0x10003f10                dadd_shim
 .text.dmul_shim
                0x1000406c      0x15c CMakeFiles/main.dir/home/ben/pico-toolchain/pico/pico-sdk/src/rp2_common/pico_double/double_v1_rom_shim.S.obj
                0x1000406c                dmul_shim
 .text.ddiv_shim
                0x100041c8      0x1b0 CMakeFiles/main.dir/home/ben/pico-toolchain/pico/pico-sdk/src/rp2_common/pico_double/double_v1_rom_shim.S.obj
                0x100041c8                ddiv_shim
 .text.double2uint_shim
                0x10004378        0xe CMakeFiles/main.dir/home/ben/pico-toolchain/pico/pico-sdk/src/rp2_common/pico_double/double_v1_rom_shim.S.obj
                0x10004378                double2uint_shim
                0x1000437a                double2ufix_shim
 *fill*         0x10004386        0x2 
 .text.double2uint64_shim
                0x10004388       0x70 CMakeFiles/main.dir/home/ben/pico-toolchain/pico/pico-sdk/src/rp2_common/pico_double/double_v1_rom_shim.S.obj
                0x10004388                double2uint64_shim
                0x1000438a                double2ufix64_shim
                0x100043aa                d2fix_a
 .text.dunpacks
                0x100043f8       0x3c CMakeFiles/main.dir/home/ben/pico-toolchain/pico/pico-sdk/src/rp2_common/pico_double/double_v1_rom_shim.S.obj
                0x100043f8                dunpacks
 .text.__aeabi_lmul
                0x10004434       0x32 CMakeFiles/main.dir/home/ben/pico-toolchain/pico/pico-sdk/src/rp2_common/pico_int64_ops/pico_int64_ops_aeabi.S.obj
                0x10004434                __wrap___aeabi_lmul
 *fill*         0x10004466        0x2 
 .text.__aeabi_float_init
                0x10004468       0x64 CMakeFiles/main.dir/home/ben/pico-toolchain/pico/pico-sdk/src/rp2_common/pico_float/float_init_rom.c.obj
                0x10004468                __aeabi_float_init
 .text.float_table_shim_on_use_helper
                0x100044cc       0x2c CMakeFiles/main.dir/home/ben/pico-toolchain/pico/pico-sdk/src/rp2_common/pico_float/float_v1_rom_shim.S.obj
                0x100044cc                float_table_shim_on_use_helper
 .text          0x100044f8       0x10 CMakeFiles/main.dir/home/ben/pico-toolchain/pico/pico-sdk/src/rp2_common/pico_mem_ops/mem_ops_aeabi.S.obj
                0x100044f8                __aeabi_mem_init
 .text.memset   0x10004508        0xc CMakeFiles/main.dir/home/ben/pico-toolchain/pico/pico-sdk/src/rp2_common/pico_mem_ops/mem_ops_aeabi.S.obj
                0x10004508                __wrap_memset
 .text.memcpy   0x10004514        0xc CMakeFiles/main.dir/home/ben/pico-toolchain/pico/pico-sdk/src/rp2_common/pico_mem_ops/mem_ops_aeabi.S.obj
                0x10004514                __wrap_memcpy
                0x10004514                __wrap___aeabi_memcpy
 .text.stdio_out_chars_no_crlf
                0x10004520       0x10 CMakeFiles/main.dir/home/ben/pico-toolchain/pico/pico-sdk/src/rp2_common/pico_stdio/stdio.c.obj
 .text.stdio_out_chars_crlf
                0x10004530       0xb4 CMakeFiles/main.dir/home/ben/pico-toolchain/pico/pico-sdk/src/rp2_common/pico_stdio/stdio.c.obj
 .text.stdio_buffered_printer
                0x100045e4       0x64 CMakeFiles/main.dir/home/ben/pico-toolchain/pico/pico-sdk/src/rp2_common/pico_stdio/stdio.c.obj
 .text.stdio_put_string.isra.0
                0x10004648       0xfc CMakeFiles/main.dir/home/ben/pico-toolchain/pico/pico-sdk/src/rp2_common/pico_stdio/stdio.c.obj
 .text.__wrap_putchar
                0x10004744       0xa0 CMakeFiles/main.dir/home/ben/pico-toolchain/pico/pico-sdk/src/rp2_common/pico_stdio/stdio.c.obj
                0x10004744                __wrap_putchar
 .text.__wrap_puts
                0x100047e4       0x3c CMakeFiles/main.dir/home/ben/pico-toolchain/pico/pico-sdk/src/rp2_common/pico_stdio/stdio.c.obj
                0x100047e4                __wrap_puts
 .text.stdio_set_driver_enabled
                0x10004820       0x30 CMakeFiles/main.dir/home/ben/pico-toolchain/pico/pico-sdk/src/rp2_common/pico_stdio/stdio.c.obj
                0x10004820                stdio_set_driver_enabled
 .text.__wrap_vprintf
                0x10004850       0xd4 CMakeFiles/main.dir/home/ben/pico-toolchain/pico/pico-sdk/src/rp2_common/pico_stdio/stdio.c.obj
                0x10004850                __wrap_vprintf
 .text.__wrap_printf
                0x10004924       0x18 CMakeFiles/main.dir/home/ben/pico-toolchain/pico/pico-sdk/src/rp2_common/pico_stdio/stdio.c.obj
                0x10004924                __wrap_printf
 .text.stdio_init_all
                0x1000493c        0x8 CMakeFiles/main.dir/home/ben/pico-toolchain/pico/pico-sdk/src/rp2_common/pico_stdio/stdio.c.obj
                0x1000493c                stdio_init_all
 .text.resetd_init
                0x10004944        0x4 CMakeFiles/main.dir/home/ben/pico-toolchain/pico/pico-sdk/src/rp2_common/pico_stdio_usb/reset_interface.c.obj
 .text.resetd_reset
                0x10004948        0xc CMakeFiles/main.dir/home/ben/pico-toolchain/pico/pico-sdk/src/rp2_common/pico_stdio_usb/reset_interface.c.obj
 .text.resetd_open
                0x10004954       0x28 CMakeFiles/main.dir/home/ben/pico-toolchain/pico/pico-sdk/src/rp2_common/pico_stdio_usb/reset_interface.c.obj
 .text.resetd_xfer_cb
                0x1000497c        0x4 CMakeFiles/main.dir/home/ben/pico-toolchain/pico/pico-sdk/src/rp2_common/pico_stdio_usb/reset_interface.c.obj
 .text.resetd_control_xfer_cb
                0x10004980       0x64 CMakeFiles/main.dir/home/ben/pico-toolchain/pico/pico-sdk/src/rp2_common/pico_stdio_usb/reset_interface.c.obj
 .text.usbd_app_driver_get_cb
                0x100049e4        0xc CMakeFiles/main.dir/home/ben/pico-toolchain/pico/pico-sdk/src/rp2_common/pico_stdio_usb/reset_interface.c.obj
                0x100049e4                usbd_app_driver_get_cb
 .text.tud_cdc_line_coding_cb
                0x100049f0       0x34 CMakeFiles/main.dir/home/ben/pico-toolchain/pico/pico-sdk/src/rp2_common/pico_stdio_usb/reset_interface.c.obj
                0x100049f0                tud_cdc_line_coding_cb
 .text.stdio_usb_in_chars
                0x10004a24       0x68 CMakeFiles/main.dir/home/ben/pico-toolchain/pico/pico-sdk/src/rp2_common/pico_stdio_usb/stdio_usb.c.obj
                0x10004a24                stdio_usb_in_chars
 .text.stdio_usb_out_chars
                0x10004a8c       0xe8 CMakeFiles/main.dir/home/ben/pico-toolchain/pico/pico-sdk/src/rp2_common/pico_stdio_usb/stdio_usb.c.obj
 .text.timer_task
                0x10004b74       0x18 CMakeFiles/main.dir/home/ben/pico-toolchain/pico/pico-sdk/src/rp2_common/pico_stdio_usb/stdio_usb.c.obj
 .text.usb_irq  0x10004b8c       0x10 CMakeFiles/main.dir/home/ben/pico-toolchain/pico/pico-sdk/src/rp2_common/pico_stdio_usb/stdio_usb.c.obj
 .text.low_priority_worker_irq
                0x10004b9c       0x24 CMakeFiles/main.dir/home/ben/pico-toolchain/pico/pico-sdk/src/rp2_common/pico_stdio_usb/stdio_usb.c.obj
 .text.stdio_usb_init
                0x10004bc0       0xb0 CMakeFiles/main.dir/home/ben/pico-toolchain/pico/pico-sdk/src/rp2_common/pico_stdio_usb/stdio_usb.c.obj
                0x10004bc0                stdio_usb_init
 .text.tud_descriptor_device_cb
                0x10004c70        0x8 CMakeFiles/main.dir/home/ben/pico-toolchain/pico/pico-sdk/src/rp2_common/pico_stdio_usb/stdio_usb_descriptors.c.obj
                0x10004c70                tud_descriptor_device_cb
 .text.tud_descriptor_configuration_cb
                0x10004c78        0x8 CMakeFiles/main.dir/home/ben/pico-toolchain/pico/pico-sdk/src/rp2_common/pico_stdio_usb/stdio_usb_descriptors.c.obj
                0x10004c78                tud_descriptor_configuration_cb
 .text.tud_descriptor_string_cb
                0x10004c80       0x74 CMakeFiles/main.dir/home/ben/pico-toolchain/pico/pico-sdk/src/rp2_common/pico_stdio_usb/stdio_usb_descriptors.c.obj
                0x10004c80                tud_descriptor_string_cb
 .text.dcd_rp2040_irq
                0x10004cf4      0x1cc CMakeFiles/main.dir/home/ben/pico-toolchain/pico/pico-sdk/lib/tinyusb/src/portable/raspberrypi/rp2040/dcd_rp2040.c.obj
 .text.dcd_int_enable
                0x10004ec0        0xc CMakeFiles/main.dir/home/ben/pico-toolchain/pico/pico-sdk/lib/tinyusb/src/portable/raspberrypi/rp2040/dcd_rp2040.c.obj
                0x10004ec0                dcd_int_enable
 .text.dcd_set_address
                0x10004ecc       0x14 CMakeFiles/main.dir/home/ben/pico-toolchain/pico/pico-sdk/lib/tinyusb/src/portable/raspberrypi/rp2040/dcd_rp2040.c.obj
                0x10004ecc                dcd_set_address
 .text.dcd_connect
                0x10004ee0       0x10 CMakeFiles/main.dir/home/ben/pico-toolchain/pico/pico-sdk/lib/tinyusb/src/portable/raspberrypi/rp2040/dcd_rp2040.c.obj
                0x10004ee0                dcd_connect
 .text.dcd_init
                0x10004ef0       0xf0 CMakeFiles/main.dir/home/ben/pico-toolchain/pico/pico-sdk/lib/tinyusb/src/portable/raspberrypi/rp2040/dcd_rp2040.c.obj
                0x10004ef0                dcd_init
 .text.dcd_edpt0_status_complete
                0x10004fe0       0x1c CMakeFiles/main.dir/home/ben/pico-toolchain/pico/pico-sdk/lib/tinyusb/src/portable/raspberrypi/rp2040/dcd_rp2040.c.obj
                0x10004fe0                dcd_edpt0_status_complete
 .text.dcd_edpt_open
                0x10004ffc       0xf0 CMakeFiles/main.dir/home/ben/pico-toolchain/pico/pico-sdk/lib/tinyusb/src/portable/raspberrypi/rp2040/dcd_rp2040.c.obj
                0x10004ffc                dcd_edpt_open
 .text.dcd_edpt_close_all
                0x100050ec       0x68 CMakeFiles/main.dir/home/ben/pico-toolchain/pico/pico-sdk/lib/tinyusb/src/portable/raspberrypi/rp2040/dcd_rp2040.c.obj
                0x100050ec                dcd_edpt_close_all
 .text.dcd_edpt_xfer
                0x10005154       0x24 CMakeFiles/main.dir/home/ben/pico-toolchain/pico/pico-sdk/lib/tinyusb/src/portable/raspberrypi/rp2040/dcd_rp2040.c.obj
                0x10005154                dcd_edpt_xfer
 .text.dcd_edpt_stall
                0x10005178       0x38 CMakeFiles/main.dir/home/ben/pico-toolchain/pico/pico-sdk/lib/tinyusb/src/portable/raspberrypi/rp2040/dcd_rp2040.c.obj
                0x10005178                dcd_edpt_stall
 .text.dcd_edpt_clear_stall
                0x100051b0       0x30 CMakeFiles/main.dir/home/ben/pico-toolchain/pico/pico-sdk/lib/tinyusb/src/portable/raspberrypi/rp2040/dcd_rp2040.c.obj
                0x100051b0                dcd_edpt_clear_stall
 .text._hw_endpoint_buffer_control_update32.part.0.isra.0
                0x100051e0       0x1c CMakeFiles/main.dir/home/ben/pico-toolchain/pico/pico-sdk/lib/tinyusb/src/portable/raspberrypi/rp2040/rp2040_usb.c.obj
 .text.rp2040_usb_init
                0x100051fc       0x4c CMakeFiles/main.dir/home/ben/pico-toolchain/pico/pico-sdk/lib/tinyusb/src/portable/raspberrypi/rp2040/rp2040_usb.c.obj
                0x100051fc                rp2040_usb_init
 .text.hw_endpoint_reset_transfer
                0x10005248        0xc CMakeFiles/main.dir/home/ben/pico-toolchain/pico/pico-sdk/lib/tinyusb/src/portable/raspberrypi/rp2040/rp2040_usb.c.obj
                0x10005248                hw_endpoint_reset_transfer
 .text._hw_endpoint_buffer_control_update32
                0x10005254       0x44 CMakeFiles/main.dir/home/ben/pico-toolchain/pico/pico-sdk/lib/tinyusb/src/portable/raspberrypi/rp2040/rp2040_usb.c.obj
                0x10005254                _hw_endpoint_buffer_control_update32
 .text.hw_endpoint_xfer_start
                0x10005298      0x134 CMakeFiles/main.dir/home/ben/pico-toolchain/pico/pico-sdk/lib/tinyusb/src/portable/raspberrypi/rp2040/rp2040_usb.c.obj
                0x10005298                hw_endpoint_xfer_start
 .text.hw_endpoint_xfer_continue
                0x100053cc      0x1dc CMakeFiles/main.dir/home/ben/pico-toolchain/pico/pico-sdk/lib/tinyusb/src/portable/raspberrypi/rp2040/rp2040_usb.c.obj
                0x100053cc                hw_endpoint_xfer_continue
 .text.tud_mounted
                0x100055a8       0x10 CMakeFiles/main.dir/home/ben/pico-toolchain/pico/pico-sdk/lib/tinyusb/src/device/usbd.c.obj
                0x100055a8                tud_mounted
 .text.tud_suspended
                0x100055b8       0x10 CMakeFiles/main.dir/home/ben/pico-toolchain/pico/pico-sdk/lib/tinyusb/src/device/usbd.c.obj
                0x100055b8                tud_suspended
 .text.tud_inited
                0x100055c8        0xc CMakeFiles/main.dir/home/ben/pico-toolchain/pico/pico-sdk/lib/tinyusb/src/device/usbd.c.obj
                0x100055c8                tud_inited
 .text.tud_init
                0x100055d4       0xd8 CMakeFiles/main.dir/home/ben/pico-toolchain/pico/pico-sdk/lib/tinyusb/src/device/usbd.c.obj
                0x100055d4                tud_init
 .text.tud_task
                0x100056ac      0x93c CMakeFiles/main.dir/home/ben/pico-toolchain/pico/pico-sdk/lib/tinyusb/src/device/usbd.c.obj
                0x100056ac                tud_task
 .text.dcd_event_bus_signal
                0x10005fe8      0x120 CMakeFiles/main.dir/home/ben/pico-toolchain/pico/pico-sdk/lib/tinyusb/src/device/usbd.c.obj
                0x10005fe8                dcd_event_bus_signal
 .text.dcd_event_bus_reset
                0x10006108       0x54 CMakeFiles/main.dir/home/ben/pico-toolchain/pico/pico-sdk/lib/tinyusb/src/device/usbd.c.obj
                0x10006108                dcd_event_bus_reset
 .text.dcd_event_setup_received
                0x1000615c       0x50 CMakeFiles/main.dir/home/ben/pico-toolchain/pico/pico-sdk/lib/tinyusb/src/device/usbd.c.obj
                0x1000615c                dcd_event_setup_received
 .text.dcd_event_xfer_complete
                0x100061ac       0x68 CMakeFiles/main.dir/home/ben/pico-toolchain/pico/pico-sdk/lib/tinyusb/src/device/usbd.c.obj
                0x100061ac                dcd_event_xfer_complete
 .text.usbd_open_edpt_pair
                0x10006214       0x80 CMakeFiles/main.dir/home/ben/pico-toolchain/pico/pico-sdk/lib/tinyusb/src/device/usbd.c.obj
                0x10006214                usbd_open_edpt_pair
 .text.usbd_edpt_open
                0x10006294       0x30 CMakeFiles/main.dir/home/ben/pico-toolchain/pico/pico-sdk/lib/tinyusb/src/device/usbd.c.obj
                0x10006294                usbd_edpt_open
 .text.usbd_edpt_claim
                0x100062c4       0x64 CMakeFiles/main.dir/home/ben/pico-toolchain/pico/pico-sdk/lib/tinyusb/src/device/usbd.c.obj
                0x100062c4                usbd_edpt_claim
 .text.usbd_edpt_release
                0x10006328       0x4c CMakeFiles/main.dir/home/ben/pico-toolchain/pico/pico-sdk/lib/tinyusb/src/device/usbd.c.obj
                0x10006328                usbd_edpt_release
 .text.usbd_edpt_xfer
                0x10006374       0x48 CMakeFiles/main.dir/home/ben/pico-toolchain/pico/pico-sdk/lib/tinyusb/src/device/usbd.c.obj
                0x10006374                usbd_edpt_xfer
 .text.tud_control_status
                0x100063bc       0x2c CMakeFiles/main.dir/home/ben/pico-toolchain/pico/pico-sdk/lib/tinyusb/src/device/usbd_control.c.obj
                0x100063bc                tud_control_status
 .text.tud_control_xfer
                0x100063e8       0xac CMakeFiles/main.dir/home/ben/pico-toolchain/pico/pico-sdk/lib/tinyusb/src/device/usbd_control.c.obj
                0x100063e8                tud_control_xfer
 .text.usbd_control_reset
                0x10006494       0x14 CMakeFiles/main.dir/home/ben/pico-toolchain/pico/pico-sdk/lib/tinyusb/src/device/usbd_control.c.obj
                0x10006494                usbd_control_reset
 .text.usbd_control_set_complete_callback
                0x100064a8        0xc CMakeFiles/main.dir/home/ben/pico-toolchain/pico/pico-sdk/lib/tinyusb/src/device/usbd_control.c.obj
                0x100064a8                usbd_control_set_complete_callback
 .text.usbd_control_set_request
                0x100064b4       0x1c CMakeFiles/main.dir/home/ben/pico-toolchain/pico/pico-sdk/lib/tinyusb/src/device/usbd_control.c.obj
                0x100064b4                usbd_control_set_request
 .text.usbd_control_xfer_cb
                0x100064d0       0xf4 CMakeFiles/main.dir/home/ben/pico-toolchain/pico/pico-sdk/lib/tinyusb/src/device/usbd_control.c.obj
                0x100064d0                usbd_control_xfer_cb
 .text.tud_cdc_n_connected
                0x100065c4       0x30 CMakeFiles/main.dir/home/ben/pico-toolchain/pico/pico-sdk/lib/tinyusb/src/class/cdc/cdc_device.c.obj
                0x100065c4                tud_cdc_n_connected
 .text.tud_cdc_n_available
                0x100065f4       0x18 CMakeFiles/main.dir/home/ben/pico-toolchain/pico/pico-sdk/lib/tinyusb/src/class/cdc/cdc_device.c.obj
                0x100065f4                tud_cdc_n_available
 .text.tud_cdc_n_read
                0x1000660c       0x70 CMakeFiles/main.dir/home/ben/pico-toolchain/pico/pico-sdk/lib/tinyusb/src/class/cdc/cdc_device.c.obj
                0x1000660c                tud_cdc_n_read
 .text.tud_cdc_n_write_flush
                0x1000667c       0x78 CMakeFiles/main.dir/home/ben/pico-toolchain/pico/pico-sdk/lib/tinyusb/src/class/cdc/cdc_device.c.obj
                0x1000667c                tud_cdc_n_write_flush
 .text.tud_cdc_n_write
                0x100066f4       0x34 CMakeFiles/main.dir/home/ben/pico-toolchain/pico/pico-sdk/lib/tinyusb/src/class/cdc/cdc_device.c.obj
                0x100066f4                tud_cdc_n_write
 .text.tud_cdc_n_write_available
                0x10006728       0x18 CMakeFiles/main.dir/home/ben/pico-toolchain/pico/pico-sdk/lib/tinyusb/src/class/cdc/cdc_device.c.obj
                0x10006728                tud_cdc_n_write_available
 .text.cdcd_init
                0x10006740       0x7c CMakeFiles/main.dir/home/ben/pico-toolchain/pico/pico-sdk/lib/tinyusb/src/class/cdc/cdc_device.c.obj
                0x10006740                cdcd_init
 .text.cdcd_reset
                0x100067bc       0x2c CMakeFiles/main.dir/home/ben/pico-toolchain/pico/pico-sdk/lib/tinyusb/src/class/cdc/cdc_device.c.obj
                0x100067bc                cdcd_reset
 .text.cdcd_open
                0x100067e8       0xe4 CMakeFiles/main.dir/home/ben/pico-toolchain/pico/pico-sdk/lib/tinyusb/src/class/cdc/cdc_device.c.obj
                0x100067e8                cdcd_open
 .text.cdcd_control_xfer_cb
                0x100068cc       0xe4 CMakeFiles/main.dir/home/ben/pico-toolchain/pico/pico-sdk/lib/tinyusb/src/class/cdc/cdc_device.c.obj
                0x100068cc                cdcd_control_xfer_cb
 .text.cdcd_xfer_cb
                0x100069b0      0x148 CMakeFiles/main.dir/home/ben/pico-toolchain/pico/pico-sdk/lib/tinyusb/src/class/cdc/cdc_device.c.obj
                0x100069b0                cdcd_xfer_cb
 .text.tusb_init
                0x10006af8        0xc CMakeFiles/main.dir/home/ben/pico-toolchain/pico/pico-sdk/lib/tinyusb/src/tusb.c.obj
                0x10006af8                tusb_init
 .text.tusb_inited
                0x10006b04        0x8 CMakeFiles/main.dir/home/ben/pico-toolchain/pico/pico-sdk/lib/tinyusb/src/tusb.c.obj
                0x10006b04                tusb_inited
 .text.tu_edpt_validate
                0x10006b0c       0x78 CMakeFiles/main.dir/home/ben/pico-toolchain/pico/pico-sdk/lib/tinyusb/src/tusb.c.obj
                0x10006b0c                tu_edpt_validate
 .text.tu_edpt_bind_driver
                0x10006b84       0x2c CMakeFiles/main.dir/home/ben/pico-toolchain/pico/pico-sdk/lib/tinyusb/src/tusb.c.obj
                0x10006b84                tu_edpt_bind_driver
 .text.tu_fifo_config
                0x10006bb0       0x78 CMakeFiles/main.dir/home/ben/pico-toolchain/pico/pico-sdk/lib/tinyusb/src/common/tusb_fifo.c.obj
                0x10006bb0                tu_fifo_config
 .text.tu_fifo_count
                0x10006c28       0x20 CMakeFiles/main.dir/home/ben/pico-toolchain/pico/pico-sdk/lib/tinyusb/src/common/tusb_fifo.c.obj
                0x10006c28                tu_fifo_count
 .text.tu_fifo_empty
                0x10006c48       0x10 CMakeFiles/main.dir/home/ben/pico-toolchain/pico/pico-sdk/lib/tinyusb/src/common/tusb_fifo.c.obj
                0x10006c48                tu_fifo_empty
 .text.tu_fifo_remaining
                0x10006c58       0x1c CMakeFiles/main.dir/home/ben/pico-toolchain/pico/pico-sdk/lib/tinyusb/src/common/tusb_fifo.c.obj
                0x10006c58                tu_fifo_remaining
 .text.tu_fifo_read
                0x10006c74       0x9c CMakeFiles/main.dir/home/ben/pico-toolchain/pico/pico-sdk/lib/tinyusb/src/common/tusb_fifo.c.obj
                0x10006c74                tu_fifo_read
 .text.tu_fifo_read_n
                0x10006d10       0xfc CMakeFiles/main.dir/home/ben/pico-toolchain/pico/pico-sdk/lib/tinyusb/src/common/tusb_fifo.c.obj
                0x10006d10                tu_fifo_read_n
 .text.tu_fifo_write
                0x10006e0c       0x7c CMakeFiles/main.dir/home/ben/pico-toolchain/pico/pico-sdk/lib/tinyusb/src/common/tusb_fifo.c.obj
                0x10006e0c                tu_fifo_write
 .text.tu_fifo_write_n
                0x10006e88      0x100 CMakeFiles/main.dir/home/ben/pico-toolchain/pico/pico-sdk/lib/tinyusb/src/common/tusb_fifo.c.obj
                0x10006e88                tu_fifo_write_n
 .text.tu_fifo_clear
                0x10006f88       0x4c CMakeFiles/main.dir/home/ben/pico-toolchain/pico/pico-sdk/lib/tinyusb/src/common/tusb_fifo.c.obj
                0x10006f88                tu_fifo_clear
 .text.tu_fifo_set_overwritable
                0x10006fd4       0x3c CMakeFiles/main.dir/home/ben/pico-toolchain/pico/pico-sdk/lib/tinyusb/src/common/tusb_fifo.c.obj
                0x10006fd4                tu_fifo_set_overwritable
 .text.startup._retrieve_unique_id_on_boot
                0x10007010       0x10 CMakeFiles/main.dir/home/ben/pico-toolchain/pico/pico-sdk/src/rp2_common/pico_unique_id/unique_id.c.obj
 .text.pico_get_unique_board_id_string
                0x10007020      0x1a8 CMakeFiles/main.dir/home/ben/pico-toolchain/pico/pico-sdk/src/rp2_common/pico_unique_id/unique_id.c.obj
                0x10007020                pico_get_unique_board_id_string
 .text.flash_get_unique_id
                0x100071c8       0x40 CMakeFiles/main.dir/home/ben/pico-toolchain/pico/pico-sdk/src/rp2_common/hardware_flash/flash.c.obj
                0x100071c8                flash_get_unique_id
 .text.spi_init
                0x10007208       0xf8 CMakeFiles/main.dir/home/ben/pico-toolchain/pico/pico-sdk/src/rp2_common/hardware_spi/spi.c.obj
                0x10007208                spi_init
 .text.spi_set_baudrate
                0x10007300       0x94 CMakeFiles/main.dir/home/ben/pico-toolchain/pico/pico-sdk/src/rp2_common/hardware_spi/spi.c.obj
                0x10007300                spi_set_baudrate
 .text.adc_init
                0x10007394       0x38 CMakeFiles/main.dir/home/ben/pico-toolchain/pico/pico-sdk/src/rp2_common/hardware_adc/adc.c.obj
                0x10007394                adc_init
 .text.tet_can_lower
                0x100073cc       0xc4 examples/libexamples.a(tetris.c.obj)
                0x100073cc                tet_can_lower
 .text.tet_can_rotate
                0x10007490       0xd0 examples/libexamples.a(tetris.c.obj)
                0x10007490                tet_can_rotate
 .text.tet_can_left
                0x10007560       0xc0 examples/libexamples.a(tetris.c.obj)
                0x10007560                tet_can_left
 .text.tet_can_right
                0x10007620       0xc0 examples/libexamples.a(tetris.c.obj)
                0x10007620                tet_can_right
 .text.tet_output
                0x100076e0      0x480 examples/libexamples.a(tetris.c.obj)
                0x100076e0                tet_output
 .text.tet_down
                0x10007b60       0x68 examples/libexamples.a(tetris.c.obj)
                0x10007b60                tet_down
 .text.tet_left
                0x10007bc8       0x5c examples/libexamples.a(tetris.c.obj)
                0x10007bc8                tet_left
 .text.tet_right
                0x10007c24       0x5c examples/libexamples.a(tetris.c.obj)
                0x10007c24                tet_right
 .text.tet_rotate
                0x10007c80       0x68 examples/libexamples.a(tetris.c.obj)
                0x10007c80                tet_rotate
 .text.tet_menu
                0x10007ce8       0xd0 examples/libexamples.a(tetris.c.obj)
                0x10007ce8                tet_menu
 .text.tet_checkBoard
                0x10007db8      0x200 examples/libexamples.a(tetris.c.obj)
                0x10007db8                tet_checkBoard
 .text.tet_gameloop
                0x10007fb8      0x144 examples/libexamples.a(tetris.c.obj)
                0x10007fb8                tet_gameloop
 .text.tetris   0x100080fc       0x88 examples/libexamples.a(tetris.c.obj)
                0x100080fc                tetris
 .text.input_placeholder
                0x10008184        0x4 examples/libexamples.a(input.c.obj)
                0x10008184                input_placeholder
 .text.input_irq_handler
                0x10008188       0x44 examples/libexamples.a(input.c.obj)
                0x10008188                input_irq_handler
 .text.input_init
                0x100081cc       0x60 examples/libexamples.a(input.c.obj)
                0x100081cc                input_init
 .text.input_set_d_up
                0x1000822c        0xc examples/libexamples.a(input.c.obj)
                0x1000822c                input_set_d_up
 .text.input_set_d_down
                0x10008238        0xc examples/libexamples.a(input.c.obj)
                0x10008238                input_set_d_down
 .text.input_set_d_left
                0x10008244        0xc examples/libexamples.a(input.c.obj)
                0x10008244                input_set_d_left
 .text.input_set_d_right
                0x10008250        0xc examples/libexamples.a(input.c.obj)
                0x10008250                input_set_d_right
 .text.input_clear
                0x1000825c       0x28 examples/libexamples.a(input.c.obj)
                0x1000825c                input_clear
 .text.random_byte
                0x10008284       0x20 examples/libexamples.a(random.c.obj)
                0x10008284                random_byte
 .text.SD_Init  0x100082a4       0x6c lib/lcd/liblcd.a(LCD_Bmp.c.obj)
                0x100082a4                SD_Init
 .text.LCD_SetGramScanWay
                0x10008310      0x19c lib/lcd/liblcd.a(LCD_Driver.c.obj)
                0x10008310                LCD_SetGramScanWay
 .text.LCD_Init
                0x100084ac     0x1708 lib/lcd/liblcd.a(LCD_Driver.c.obj)
                0x100084ac                LCD_Init
 .text.LCD_SetWindow
                0x10009bb4      0x260 lib/lcd/liblcd.a(LCD_Driver.c.obj)
                0x10009bb4                LCD_SetWindow
 .text.LCD_SetPointlColor
                0x10009e14       0x48 lib/lcd/liblcd.a(LCD_Driver.c.obj)
                0x10009e14                LCD_SetPointlColor
 .text.LCD_SetArealColor
                0x10009e5c       0x64 lib/lcd/liblcd.a(LCD_Driver.c.obj)
                0x10009e5c                LCD_SetArealColor
 .text.LCD_Clear
                0x10009ec0       0x58 lib/lcd/liblcd.a(LCD_Driver.c.obj)
                0x10009ec0                LCD_Clear
 .text.GUI_DisChar.part.0
                0x10009f18      0x118 lib/lcd/liblcd.a(LCD_GUI.c.obj)
 .text.GUI_DrawLine.constprop.0
                0x1000a030      0x148 lib/lcd/liblcd.a(LCD_GUI.c.obj)
 .text.GUI_Clear
                0x1000a178        0x8 lib/lcd/liblcd.a(LCD_GUI.c.obj)
                0x1000a178                GUI_Clear
 .text.GUI_DrawRectangle
                0x1000a180       0xa8 lib/lcd/liblcd.a(LCD_GUI.c.obj)
                0x1000a180                GUI_DrawRectangle
 .text.GUI_DisChar
                0x1000a228       0x2c lib/lcd/liblcd.a(LCD_GUI.c.obj)
                0x1000a228                GUI_DisChar
 .text.GUI_DisString_EN
                0x1000a254       0xa4 lib/lcd/liblcd.a(LCD_GUI.c.obj)
                0x1000a254                GUI_DisString_EN
 .text.GUI_DisNum
                0x1000a2f8      0x120 lib/lcd/liblcd.a(LCD_GUI.c.obj)
                0x1000a2f8                GUI_DisNum
 .text.TP_Read_ADC_Average
                0x1000a418      0x108 lib/lcd/liblcd.a(LCD_Touch.c.obj)
 .text.TP_Init  0x1000a520       0x28 lib/lcd/liblcd.a(LCD_Touch.c.obj)
                0x1000a520                TP_Init
 .text.DEV_Digital_Write
                0x1000a548       0x14 lib/config/libconfig.a(DEV_Config.c.obj)
                0x1000a548                DEV_Digital_Write
 .text.System_Init
                0x1000a55c       0xa8 lib/config/libconfig.a(DEV_Config.c.obj)
                0x1000a55c                System_Init
 .text.SPI4W_Write_Byte
                0x1000a604       0x24 lib/config/libconfig.a(DEV_Config.c.obj)
                0x1000a604                SPI4W_Write_Byte
 .text.SPI4W_Read_Byte
                0x1000a628       0x20 lib/config/libconfig.a(DEV_Config.c.obj)
                0x1000a628                SPI4W_Read_Byte
 .text.Driver_Delay_ms
                0x1000a648       0x18 lib/config/libconfig.a(DEV_Config.c.obj)
                0x1000a648                Driver_Delay_ms
 .text.Driver_Delay_us
                0x1000a660        0x4 lib/config/libconfig.a(DEV_Config.c.obj)
                0x1000a660                Driver_Delay_us
 .text.check_fs
                0x1000a664       0x80 lib/fatfs/libfatfs.a(ff.c.obj)
 .text.move_window
                0x1000a6e4       0x80 lib/fatfs/libfatfs.a(ff.c.obj)
 .text.find_volume
                0x1000a764      0x3bc lib/fatfs/libfatfs.a(ff.c.obj)
 .text.f_mount  0x1000ab20       0x5c lib/fatfs/libfatfs.a(ff.c.obj)
                0x1000ab20                f_mount
 .text.disk_initialize
                0x1000ab7c       0x28 lib/fatfs/libfatfs.a(diskio.c.obj)
                0x1000ab7c                disk_initialize
 .text.disk_status
                0x1000aba4        0x4 lib/fatfs/libfatfs.a(diskio.c.obj)
                0x1000aba4                disk_status
 .text.disk_read
                0x1000aba8       0x34 lib/fatfs/libfatfs.a(diskio.c.obj)
                0x1000aba8                disk_read
 .text.disk_write
                0x1000abdc       0x28 lib/fatfs/libfatfs.a(diskio.c.obj)
                0x1000abdc                disk_write
 .text.SD_SendCmd.constprop.0
                0x1000ac04       0x90 lib/sdcard/libsdcard.a(MMC_SD.c.obj)
 .text.SD_SPI_ReadWriteByte
                0x1000ac94        0x8 lib/sdcard/libsdcard.a(MMC_SD.c.obj)
                0x1000ac94                SD_SPI_ReadWriteByte
 .text.SD_SPI_SpeedLow
                0x1000ac9c        0x4 lib/sdcard/libsdcard.a(MMC_SD.c.obj)
                0x1000ac9c                SD_SPI_SpeedLow
 .text.SD_SPI_SpeedHigh
                0x1000aca0        0x4 lib/sdcard/libsdcard.a(MMC_SD.c.obj)
                0x1000aca0                SD_SPI_SpeedHigh
 .text.SD_SendCmd
                0x1000aca4       0x98 lib/sdcard/libsdcard.a(MMC_SD.c.obj)
                0x1000aca4                SD_SendCmd
 .text.SD_Initialize
                0x1000ad3c      0x1bc lib/sdcard/libsdcard.a(MMC_SD.c.obj)
                0x1000ad3c                SD_Initialize
 .text.SD_ReadDisk
                0x1000aef8       0xe0 lib/sdcard/libsdcard.a(MMC_SD.c.obj)
                0x1000aef8                SD_ReadDisk
 .text.SD_WriteDisk
                0x1000afd8      0x158 lib/sdcard/libsdcard.a(MMC_SD.c.obj)
                0x1000afd8                SD_WriteDisk
 .text.strlen   0x1000b130       0x5c c:/program files (x86)/arm gnu toolchain arm-none-eabi/11.2 2022.02/bin/../lib/gcc/arm-none-eabi/11.2.1/thumb/v6-m/nofp\libc.a(lib_a-strlen-stub.o)
                0x1000b130                strlen
 *(.fini)
 .fini          0x1000b18c        0x4 c:/program files (x86)/arm gnu toolchain arm-none-eabi/11.2 2022.02/bin/../lib/gcc/arm-none-eabi/11.2.1/thumb/v6-m/nofp/crti.o
                0x1000b18c                _fini
 .fini.__stub   0x1000b190       0x90 linker stubs
 *crtbegin.o(.ctors)
 *crtbegin?.o(.ctors)
 *(EXCLUDE_FILE(*crtend.o *crtend?.o) .ctors)
 *(SORT_BY_NAME(.ctors.*))
 *(.ctors)
 *crtbegin.o(.dtors)
 *crtbegin?.o(.dtors)
 *(EXCLUDE_FILE(*crtend.o *crtend?.o) .dtors)
 *(SORT_BY_NAME(.dtors.*))
 *(.dtors)
 *(.eh_frame*)
 .eh_frame      0x1000b220        0x0 c:/program files (x86)/arm gnu toolchain arm-none-eabi/11.2 2022.02/bin/../lib/gcc/arm-none-eabi/11.2.1/thumb/v6-m/nofp/crtbegin.o
                0x1000b220                . = ALIGN (0x4)

.glue_7         0x1000b220        0x0
 .glue_7        0x1000b220        0x0 linker stubs

.glue_7t        0x1000b220        0x0
 .glue_7t       0x1000b220        0x0 linker stubs

.vfp11_veneer   0x1000b220        0x0
 .vfp11_veneer  0x1000b220        0x0 linker stubs

.v4_bx          0x1000b220        0x0
 .v4_bx         0x1000b220        0x0 linker stubs

.iplt           0x1000b220        0x0
 .iplt          0x1000b220        0x0 c:/program files (x86)/arm gnu toolchain arm-none-eabi/11.2 2022.02/bin/../lib/gcc/arm-none-eabi/11.2.1/thumb/v6-m/nofp/crtbegin.o

.rodata         0x1000b220     0x2c04
 *(EXCLUDE_FILE(*libm.a: *libc.a:*lib_a-mem*.o *libgcc.a:) .rodata*)
 .rodata.spin_lock_claim_unused.str1.4
                0x1000b220       0x1b CMakeFiles/main.dir/home/ben/pico-toolchain/pico/pico-sdk/src/rp2_common/hardware_sync/sync.c.obj
 *fill*         0x1000b23b        0x1 
 .rodata.user_irq_claim_unused.str1.4
                0x1000b23c       0x1b CMakeFiles/main.dir/home/ben/pico-toolchain/pico/pico-sdk/src/rp2_common/hardware_irq/irq.c.obj
 *fill*         0x1000b257        0x1 
 .rodata.hardware_alarm_claim.str1.4
                0x1000b258       0x22 CMakeFiles/main.dir/home/ben/pico-toolchain/pico/pico-sdk/src/rp2_common/hardware_timer/timer.c.obj
 *fill*         0x1000b27a        0x2 
 .rodata.panic.str1.4
                0x1000b27c       0x12 CMakeFiles/main.dir/home/ben/pico-toolchain/pico/pico-sdk/src/rp2_common/pico_runtime/runtime.c.obj
 *fill*         0x1000b28e        0x2 
 .rodata.hard_assertion_failure.str1.4
                0x1000b290        0xc CMakeFiles/main.dir/home/ben/pico-toolchain/pico/pico-sdk/src/rp2_common/pico_runtime/runtime.c.obj
 .rodata._ftoa.str1.4
                0x1000b29c       0x15 CMakeFiles/main.dir/home/ben/pico-toolchain/pico/pico-sdk/src/rp2_common/pico_printf/printf.c.obj
 *fill*         0x1000b2b1        0x3 
 .rodata._vsnprintf
                0x1000b2b4      0x19c CMakeFiles/main.dir/home/ben/pico-toolchain/pico/pico-sdk/src/rp2_common/pico_printf/printf.c.obj
 .rodata.pow10.0
                0x1000b450       0x50 CMakeFiles/main.dir/home/ben/pico-toolchain/pico/pico-sdk/src/rp2_common/pico_printf/printf.c.obj
 .rodata.str1.4
                0x1000b4a0       0x3c CMakeFiles/main.dir/home/ben/pico-toolchain/pico/pico-sdk/src/rp2_common/pico_standard_link/binary_info.c.obj
 .rodata.__bi_44
                0x1000b4dc        0xc CMakeFiles/main.dir/home/ben/pico-toolchain/pico/pico-sdk/src/rp2_common/pico_standard_link/binary_info.c.obj
 .rodata.__bi_75
                0x1000b4e8        0xc CMakeFiles/main.dir/home/ben/pico-toolchain/pico/pico-sdk/src/rp2_common/pico_standard_link/binary_info.c.obj
 .rodata.__bi_81
                0x1000b4f4        0xc CMakeFiles/main.dir/home/ben/pico-toolchain/pico/pico-sdk/src/rp2_common/pico_standard_link/binary_info.c.obj
 .rodata.crlf_str.0
                0x1000b500        0x2 CMakeFiles/main.dir/home/ben/pico-toolchain/pico/pico-sdk/src/rp2_common/pico_stdio/stdio.c.obj
 *fill*         0x1000b502        0x2 
 .rodata._resetd_driver
                0x1000b504       0x18 CMakeFiles/main.dir/home/ben/pico-toolchain/pico/pico-sdk/src/rp2_common/pico_stdio_usb/reset_interface.c.obj
 .rodata.str1.4
                0x1000b51c       0x13 CMakeFiles/main.dir/home/ben/pico-toolchain/pico/pico-sdk/src/rp2_common/pico_stdio_usb/stdio_usb.c.obj
 *fill*         0x1000b52f        0x1 
 .rodata.__bi_118.0
                0x1000b530        0xc CMakeFiles/main.dir/home/ben/pico-toolchain/pico/pico-sdk/src/rp2_common/pico_stdio_usb/stdio_usb.c.obj
 .rodata.str1.4
                0x1000b53c       0x2a CMakeFiles/main.dir/home/ben/pico-toolchain/pico/pico-sdk/src/rp2_common/pico_stdio_usb/stdio_usb_descriptors.c.obj
 *fill*         0x1000b566        0x2 
 .rodata.usbd_desc_cfg
                0x1000b568       0x54 CMakeFiles/main.dir/home/ben/pico-toolchain/pico/pico-sdk/src/rp2_common/pico_stdio_usb/stdio_usb_descriptors.c.obj
 .rodata.usbd_desc_device
                0x1000b5bc       0x12 CMakeFiles/main.dir/home/ben/pico-toolchain/pico/pico-sdk/src/rp2_common/pico_stdio_usb/stdio_usb_descriptors.c.obj
 *fill*         0x1000b5ce        0x2 
 .rodata.usbd_desc_str
                0x1000b5d0       0x18 CMakeFiles/main.dir/home/ben/pico-toolchain/pico/pico-sdk/src/rp2_common/pico_stdio_usb/stdio_usb_descriptors.c.obj
 .rodata.dcd_rp2040_irq.str1.4
                0x1000b5e8       0x14 CMakeFiles/main.dir/home/ben/pico-toolchain/pico/pico-sdk/lib/tinyusb/src/portable/raspberrypi/rp2040/dcd_rp2040.c.obj
 .rodata._hw_endpoint_buffer_control_update32.part.0.isra.0.str1.4
                0x1000b5fc       0x1f CMakeFiles/main.dir/home/ben/pico-toolchain/pico/pico-sdk/lib/tinyusb/src/portable/raspberrypi/rp2040/rp2040_usb.c.obj
 *fill*         0x1000b61b        0x1 
 .rodata.hw_endpoint_xfer_continue.str1.4
                0x1000b61c       0x29 CMakeFiles/main.dir/home/ben/pico-toolchain/pico/pico-sdk/lib/tinyusb/src/portable/raspberrypi/rp2040/rp2040_usb.c.obj
 *fill*         0x1000b645        0x3 
 .rodata.str1.4
                0x1000b648        0x7 CMakeFiles/main.dir/home/ben/pico-toolchain/pico/pico-sdk/lib/tinyusb/src/portable/raspberrypi/rp2040/rp2040_usb.c.obj
 *fill*         0x1000b64f        0x1 
 .rodata.tud_task
                0x1000b650       0x8c CMakeFiles/main.dir/home/ben/pico-toolchain/pico/pico-sdk/lib/tinyusb/src/device/usbd.c.obj
 .rodata._usbd_driver
                0x1000b6dc       0x18 CMakeFiles/main.dir/home/ben/pico-toolchain/pico/pico-sdk/lib/tinyusb/src/device/usbd.c.obj
 .rodata.tet_menu.str1.4
                0x1000b6f4       0x14 examples/libexamples.a(tetris.c.obj)
 .rodata.SD_Init.str1.4
                0x1000b708       0x62 lib/lcd/liblcd.a(LCD_Bmp.c.obj)
 *fill*         0x1000b76a        0x2 
 .rodata.CSWTCH.8
                0x1000b76c       0x10 lib/lcd/liblcd.a(LCD_Driver.c.obj)
 .rodata.CSWTCH.9
                0x1000b77c       0x10 lib/lcd/liblcd.a(LCD_Driver.c.obj)
 .rodata        0x1000b78c      0xbe0 lib/font/libfont.a(font16.c.obj)
                0x1000b78c                Font16_Table
 .rodata        0x1000c36c     0x1ab8 lib/font/libfont.a(font24.c.obj)
                0x1000c36c                Font24_Table
                0x1000de24                . = ALIGN (0x4)
 *(SORT_BY_ALIGNMENT(SORT_BY_NAME(.flashdata*)))
                0x1000de24                . = ALIGN (0x4)

.rel.dyn        0x1000de24        0x0
 .rel.iplt      0x1000de24        0x0 c:/program files (x86)/arm gnu toolchain arm-none-eabi/11.2 2022.02/bin/../lib/gcc/arm-none-eabi/11.2.1/thumb/v6-m/nofp/crtbegin.o

.ARM.extab
 *(.ARM.extab* .gnu.linkonce.armextab.*)
                0x1000de24                __exidx_start = .

.ARM.exidx
 *(.ARM.exidx* .gnu.linkonce.armexidx.*)
                0x1000de24                __exidx_end = .
                0x1000de24                . = ALIGN (0x4)
                0x1000de24                __binary_info_start = .

.binary_info    0x1000de24       0x20
 *(.binary_info.keep.*)
 .binary_info.keep.__bi_ptr22
                0x1000de24        0x4 CMakeFiles/main.dir/home/ben/pico-toolchain/pico/pico-sdk/src/rp2_common/pico_standard_link/binary_info.c.obj
 .binary_info.keep.__bi_ptr30
                0x1000de28        0x4 CMakeFiles/main.dir/home/ben/pico-toolchain/pico/pico-sdk/src/rp2_common/pico_standard_link/binary_info.c.obj
 .binary_info.keep.__bi_ptr38
                0x1000de2c        0x4 CMakeFiles/main.dir/home/ben/pico-toolchain/pico/pico-sdk/src/rp2_common/pico_standard_link/binary_info.c.obj
 .binary_info.keep.__bi_ptr44
                0x1000de30        0x4 CMakeFiles/main.dir/home/ben/pico-toolchain/pico/pico-sdk/src/rp2_common/pico_standard_link/binary_info.c.obj
 .binary_info.keep.__bi_ptr50
                0x1000de34        0x4 CMakeFiles/main.dir/home/ben/pico-toolchain/pico/pico-sdk/src/rp2_common/pico_standard_link/binary_info.c.obj
 .binary_info.keep.__bi_ptr75
                0x1000de38        0x4 CMakeFiles/main.dir/home/ben/pico-toolchain/pico/pico-sdk/src/rp2_common/pico_standard_link/binary_info.c.obj
 .binary_info.keep.__bi_ptr81
                0x1000de3c        0x4 CMakeFiles/main.dir/home/ben/pico-toolchain/pico/pico-sdk/src/rp2_common/pico_standard_link/binary_info.c.obj
 *(.binary_info.*)
 .binary_info.__bi_ptr118
                0x1000de40        0x4 CMakeFiles/main.dir/home/ben/pico-toolchain/pico/pico-sdk/src/rp2_common/pico_stdio_usb/stdio_usb.c.obj
                0x1000de44                __binary_info_end = .
                0x1000de44                . = ALIGN (0x4)
                0x1000de44                __etext = .

.ram_vector_table
                0x20000000       0xc0
 *(.ram_vector_table)
 .ram_vector_table
                0x20000000       0xc0 CMakeFiles/main.dir/home/ben/pico-toolchain/pico/pico-sdk/src/rp2_common/pico_runtime/runtime.c.obj
                0x20000000                ram_vector_table

.data           0x200000c0      0x880 load address 0x1000de44
                0x200000c0                __data_start__ = .
 *(vtable)
 *(.time_critical*)
 .time_critical.mutex_enter_blocking
                0x200000c0       0x48 CMakeFiles/main.dir/home/ben/pico-toolchain/pico/pico-sdk/src/common/pico_sync/mutex.c.obj
                0x200000c0                mutex_enter_blocking
 .time_critical.mutex_try_enter
                0x20000108       0x44 CMakeFiles/main.dir/home/ben/pico-toolchain/pico/pico-sdk/src/common/pico_sync/mutex.c.obj
                0x20000108                mutex_try_enter
 .time_critical.mutex_enter_timeout_ms
                0x2000014c       0xa0 CMakeFiles/main.dir/home/ben/pico-toolchain/pico/pico-sdk/src/common/pico_sync/mutex.c.obj
                0x2000014c                mutex_enter_timeout_ms
 .time_critical.mutex_exit
                0x200001ec       0x28 CMakeFiles/main.dir/home/ben/pico-toolchain/pico/pico-sdk/src/common/pico_sync/mutex.c.obj
                0x200001ec                mutex_exit
 .time_critical.flash_init_boot2_copyout
                0x20000214       0x30 CMakeFiles/main.dir/home/ben/pico-toolchain/pico/pico-sdk/src/rp2_common/hardware_flash/flash.c.obj
 .time_critical.flash_enable_xip_via_boot2
                0x20000244       0x10 CMakeFiles/main.dir/home/ben/pico-toolchain/pico/pico-sdk/src/rp2_common/hardware_flash/flash.c.obj
 .time_critical.flash_cs_force
                0x20000254       0x38 CMakeFiles/main.dir/home/ben/pico-toolchain/pico/pico-sdk/src/rp2_common/hardware_flash/flash.c.obj
 .time_critical.flash_do_cmd
                0x2000028c       0xc4 CMakeFiles/main.dir/home/ben/pico-toolchain/pico/pico-sdk/src/rp2_common/hardware_flash/flash.c.obj
                0x2000028c                flash_do_cmd
 .time_critical.spi_write_read_blocking
                0x20000350       0x74 CMakeFiles/main.dir/home/ben/pico-toolchain/pico/pico-sdk/src/rp2_common/hardware_spi/spi.c.obj
                0x20000350                spi_write_read_blocking
 *(.text*)
 .text          0x200003c4        0x4 c:/program files (x86)/arm gnu toolchain arm-none-eabi/11.2 2022.02/bin/../lib/gcc/arm-none-eabi/11.2.1/thumb/v6-m/nofp\libgcc.a(_dvmd_tls.o)
                0x200003c4                __aeabi_idiv0
                0x200003c4                __aeabi_ldiv0
 .text.memmove  0x200003c8       0xac c:/program files (x86)/arm gnu toolchain arm-none-eabi/11.2 2022.02/bin/../lib/gcc/arm-none-eabi/11.2.1/thumb/v6-m/nofp\libc.a(lib_a-memmove.o)
                0x200003c8                memmove
 *fill*         0x20000474        0x4 
 .text.memmove.__stub
                0x20000478       0x30 linker stubs
                0x200004a8                . = ALIGN (0x4)
 *(.rodata*)
                0x200004a8                . = ALIGN (0x4)
 *(.data*)
 .data.striped_spin_lock_num
                0x200004a8        0x1 CMakeFiles/main.dir/home/ben/pico-toolchain/pico/pico-sdk/src/rp2_common/hardware_sync/sync.c.obj
 *fill*         0x200004a9        0x3 
 .data          0x200004ac       0x48 CMakeFiles/main.dir/home/ben/pico-toolchain/pico/pico-sdk/src/rp2_common/hardware_irq/irq_handler_chain.S.obj
                0x200004ac                irq_handler_chain_slots
                0x200004dc                irq_handler_chain_first_slot
                0x200004e6                irq_handler_chain_remove_tail
 .data.default_alarm_pool
                0x200004f4       0x18 CMakeFiles/main.dir/home/ben/pico-toolchain/pico/pico-sdk/src/common/pico_time/time.c.obj
 .data.default_alarm_pool_heap
                0x2000050c       0x10 CMakeFiles/main.dir/home/ben/pico-toolchain/pico/pico-sdk/src/common/pico_time/time.c.obj
 *fill*         0x2000051c        0x4 
 .data.aeabi_bits_funcs
                0x20000520       0x10 CMakeFiles/main.dir/home/ben/pico-toolchain/pico/pico-sdk/src/rp2_common/pico_bit_ops/bit_ops_aeabi.S.obj
                0x20000520                aeabi_bits_funcs
                0x20000530                aeabi_bits_funcs_end
 .data.aeabi_mem_funcs
                0x20000530       0x10 CMakeFiles/main.dir/home/ben/pico-toolchain/pico/pico-sdk/src/rp2_common/pico_mem_ops/mem_ops_aeabi.S.obj
                0x20000530                aeabi_mem_funcs
                0x20000540                aeabi_mem_funcs_end
 .data.stdio_usb
                0x20000540       0x14 CMakeFiles/main.dir/home/ben/pico-toolchain/pico/pico-sdk/src/rp2_common/pico_stdio_usb/stdio_usb.c.obj
                0x20000540                stdio_usb
 .data.ep_dir_string
                0x20000554        0x8 CMakeFiles/main.dir/home/ben/pico-toolchain/pico/pico-sdk/lib/tinyusb/src/portable/raspberrypi/rp2040/rp2040_usb.c.obj
                0x20000554                ep_dir_string
 .data._usbd_qdef
                0x2000055c       0x24 CMakeFiles/main.dir/home/ben/pico-toolchain/pico/pico-sdk/lib/tinyusb/src/device/usbd.c.obj
                0x2000055c                _usbd_qdef
 .data.colours  0x20000580       0x10 examples/libexamples.a(tetris.c.obj)
                0x20000580                colours
 .data.pieces   0x20000590      0x380 examples/libexamples.a(tetris.c.obj)
                0x20000590                pieces
 .data          0x20000910        0x8 lib/font/libfont.a(font16.c.obj)
                0x20000910                Font16
 .data          0x20000918        0x8 lib/font/libfont.a(font24.c.obj)
                0x20000918                Font24
                0x20000920                . = ALIGN (0x4)
 *(.after_data.*)
                0x20000920                . = ALIGN (0x4)
                0x20000920                PROVIDE (__mutex_array_start = .)
 *(SORT_BY_NAME(.mutex_array.*))
 *(.mutex_array)
 .mutex_array   0x20000920        0x8 CMakeFiles/main.dir/home/ben/pico-toolchain/pico/pico-sdk/src/rp2_common/pico_stdio/stdio.c.obj
                0x20000928                PROVIDE (__mutex_array_end = .)
                0x20000928                . = ALIGN (0x4)
                0x20000928                PROVIDE (__preinit_array_start = .)
 *(SORT_BY_NAME(.preinit_array.*))
 .preinit_array.00001
                0x20000928        0x4 CMakeFiles/main.dir/home/ben/pico-toolchain/pico/pico-sdk/src/rp2_common/pico_mem_ops/mem_ops_aeabi.S.obj
 .preinit_array.00010
                0x2000092c        0x4 CMakeFiles/main.dir/home/ben/pico-toolchain/pico/pico-sdk/src/rp2_common/pico_bit_ops/bit_ops_aeabi.S.obj
 .preinit_array.00020
                0x20000930        0x4 CMakeFiles/main.dir/home/ben/pico-toolchain/pico/pico-sdk/src/rp2_common/pico_double/double_aeabi.S.obj
 .preinit_array.00020
                0x20000934        0x4 CMakeFiles/main.dir/home/ben/pico-toolchain/pico/pico-sdk/src/rp2_common/pico_float/float_aeabi.S.obj
 *(.preinit_array)
                0x20000938                PROVIDE (__preinit_array_end = .)
                0x20000938                . = ALIGN (0x4)
                0x20000938                PROVIDE (__init_array_start = .)
 *(SORT_BY_NAME(.init_array.*))
 *(.init_array)
 .init_array    0x20000938        0x4 c:/program files (x86)/arm gnu toolchain arm-none-eabi/11.2 2022.02/bin/../lib/gcc/arm-none-eabi/11.2.1/thumb/v6-m/nofp/crtbegin.o
 .init_array    0x2000093c        0x4 CMakeFiles/main.dir/home/ben/pico-toolchain/pico/pico-sdk/src/rp2_common/pico_unique_id/unique_id.c.obj
                0x20000940                PROVIDE (__init_array_end = .)
                0x20000940                . = ALIGN (0x4)
                [!provide]                PROVIDE (__fini_array_start = .)
 *(SORT_BY_NAME(.fini_array.*))
 *(.fini_array)
                [!provide]                PROVIDE (__fini_array_end = .)
 *(.jcr)
                0x20000940                . = ALIGN (0x4)
                0x20000940                __data_end__ = .

.tm_clone_table
                0x20000940        0x0 load address 0x1000e6c4
 .tm_clone_table
                0x20000940        0x0 c:/program files (x86)/arm gnu toolchain arm-none-eabi/11.2 2022.02/bin/../lib/gcc/arm-none-eabi/11.2.1/thumb/v6-m/nofp/crtbegin.o
 .tm_clone_table
                0x20000940        0x0 c:/program files (x86)/arm gnu toolchain arm-none-eabi/11.2 2022.02/bin/../lib/gcc/arm-none-eabi/11.2.1/thumb/v6-m/nofp/crtend.o

.igot.plt       0x20000940        0x0 load address 0x1000e6c4
 .igot.plt      0x20000940        0x0 c:/program files (x86)/arm gnu toolchain arm-none-eabi/11.2 2022.02/bin/../lib/gcc/arm-none-eabi/11.2.1/thumb/v6-m/nofp/crtbegin.o

.uninitialized_data
                0x20000940        0x0 load address 0x1000e6c4
                0x20000940                . = ALIGN (0x4)
 *(.uninitialized_data*)

.scratch_x      0x20040000        0x0 load address 0x1000e6c4
                0x20040000                __scratch_x_start__ = .
 *(.scratch_x.*)
                0x20040000                . = ALIGN (0x4)
                0x20040000                __scratch_x_end__ = .
                0x1000e6c4                __scratch_x_source__ = LOADADDR (.scratch_x)

.scratch_y      0x20041000        0x0 load address 0x1000e6c4
                0x20041000                __scratch_y_start__ = .
 *(.scratch_y.*)
                0x20041000                . = ALIGN (0x4)
                0x20041000                __scratch_y_end__ = .
                0x1000e6c4                __scratch_y_source__ = LOADADDR (.scratch_y)

.bss            0x20000940     0x1950
                0x20000940                . = ALIGN (0x4)
                0x20000940                __bss_start__ = .
 *(SORT_BY_ALIGNMENT(SORT_BY_NAME(.bss*)))
 .bss.default_alarm_pool_entries
                0x20000940      0x100 CMakeFiles/main.dir/home/ben/pico-toolchain/pico/pico-sdk/src/common/pico_time/time.c.obj
 .bss.last_avail_time.1
                0x20000a40        0x8 CMakeFiles/main.dir/home/ben/pico-toolchain/pico/pico-sdk/src/rp2_common/pico_stdio_usb/stdio_usb.c.obj
 .bss.sd_table  0x20000a48      0x100 CMakeFiles/main.dir/home/ben/pico-toolchain/pico/pico-sdk/src/rp2_common/pico_double/double_init_rom.c.obj
                0x20000a48                sd_table
 .bss.sf_table  0x20000b48      0x100 CMakeFiles/main.dir/home/ben/pico-toolchain/pico/pico-sdk/src/rp2_common/pico_float/float_init_rom.c.obj
                0x20000b48                sf_table
 .bss.Code      0x20000c48        0x4 examples/libexamples.a(tetris.c.obj)
                0x20000c48                Code
 .bss.FatFs     0x20000c4c        0x4 lib/fatfs/libfatfs.a(ff.c.obj)
 .bss.Ghost     0x20000c50       0x18 examples/libexamples.a(tetris.c.obj)
                0x20000c50                Ghost
 .bss.Ghost2    0x20000c68       0x18 examples/libexamples.a(tetris.c.obj)
                0x20000c68                Ghost2
 .bss.Piece     0x20000c80       0x18 examples/libexamples.a(tetris.c.obj)
                0x20000c80                Piece
 .bss.Score     0x20000c98        0x4 examples/libexamples.a(tetris.c.obj)
                0x20000c98                Score
 .bss._app_driver
                0x20000c9c        0x4 CMakeFiles/main.dir/home/ben/pico-toolchain/pico/pico-sdk/lib/tinyusb/src/device/usbd.c.obj
 .bss._cdcd_itf
                0x20000ca0      0x2d8 CMakeFiles/main.dir/home/ben/pico-toolchain/pico/pico-sdk/lib/tinyusb/src/class/cdc/cdc_device.c.obj
 .bss._ctrl_xfer
                0x20000f78       0x14 CMakeFiles/main.dir/home/ben/pico-toolchain/pico/pico-sdk/lib/tinyusb/src/device/usbd_control.c.obj
 .bss._ubsd_mutexdef
                0x20000f8c        0x8 CMakeFiles/main.dir/home/ben/pico-toolchain/pico/pico-sdk/lib/tinyusb/src/device/usbd.c.obj
 .bss._usbd_ctrl_buf
                0x20000f94       0x40 CMakeFiles/main.dir/home/ben/pico-toolchain/pico/pico-sdk/lib/tinyusb/src/device/usbd_control.c.obj
 .bss._usbd_dev
                0x20000fd4       0x53 CMakeFiles/main.dir/home/ben/pico-toolchain/pico/pico-sdk/lib/tinyusb/src/device/usbd.c.obj
 *fill*         0x20001027        0x1 
 .bss._usbd_mutex
                0x20001028        0x4 CMakeFiles/main.dir/home/ben/pico-toolchain/pico/pico-sdk/lib/tinyusb/src/device/usbd.c.obj
 .bss._usbd_q   0x2000102c        0x4 CMakeFiles/main.dir/home/ben/pico-toolchain/pico/pico-sdk/lib/tinyusb/src/device/usbd.c.obj
 .bss._usbd_qdef_buf
                0x20001030       0xc0 CMakeFiles/main.dir/home/ben/pico-toolchain/pico/pico-sdk/lib/tinyusb/src/device/usbd.c.obj
                0x20001030                _usbd_qdef_buf
 .bss.alarm_callbacks
                0x200010f0       0x10 CMakeFiles/main.dir/home/ben/pico-toolchain/pico/pico-sdk/src/rp2_common/hardware_timer/timer.c.obj
 .bss.board     0x20001100      0x3c0 examples/libexamples.a(tetris.c.obj)
                0x20001100                board
 .bss.boot2_copyout
                0x200014c0      0x100 CMakeFiles/main.dir/home/ben/pico-toolchain/pico/pico-sdk/src/rp2_common/hardware_flash/flash.c.obj
 .bss.callbacks
                0x200015c0        0x8 CMakeFiles/main.dir/home/ben/pico-toolchain/pico/pico-sdk/src/rp2_common/hardware_gpio/gpio.c.obj
 .bss.claimed   0x200015c8        0x4 CMakeFiles/main.dir/home/ben/pico-toolchain/pico/pico-sdk/src/rp2_common/hardware_sync/sync.c.obj
 .bss.configured_freq
                0x200015cc       0x28 CMakeFiles/main.dir/home/ben/pico-toolchain/pico/pico-sdk/src/rp2_common/hardware_clocks/clocks.c.obj
 .bss.default_alarm_pool_entry_ids_high
                0x200015f4       0x10 CMakeFiles/main.dir/home/ben/pico-toolchain/pico/pico-sdk/src/common/pico_time/time.c.obj
 .bss.default_alarm_pool_heap_nodes
                0x20001604       0x30 CMakeFiles/main.dir/home/ben/pico-toolchain/pico/pico-sdk/src/common/pico_time/time.c.obj
 .bss.desc_str.0
                0x20001634       0x28 CMakeFiles/main.dir/home/ben/pico-toolchain/pico/pico-sdk/src/rp2_common/pico_stdio_usb/stdio_usb_descriptors.c.obj
 .bss.drivers   0x2000165c        0x4 CMakeFiles/main.dir/home/ben/pico-toolchain/pico/pico-sdk/src/rp2_common/pico_stdio/stdio.c.obj
 .bss.file_name
                0x20001660      0x113 lib/lcd/liblcd.a(LCD_Bmp.c.obj)
                0x20001660                file_name
 *fill*         0x20001773        0x1 
 .bss.filter    0x20001774        0x4 CMakeFiles/main.dir/home/ben/pico-toolchain/pico/pico-sdk/src/rp2_common/pico_stdio/stdio.c.obj
 .bss.hw_endpoints
                0x20001778      0x400 CMakeFiles/main.dir/home/ben/pico-toolchain/pico/pico-sdk/lib/tinyusb/src/portable/raspberrypi/rp2040/dcd_rp2040.c.obj
 .bss.input_d_down
                0x20001b78        0x4 examples/libexamples.a(input.c.obj)
                0x20001b78                input_d_down
 .bss.input_d_left
                0x20001b7c        0x4 examples/libexamples.a(input.c.obj)
                0x20001b7c                input_d_left
 .bss.input_d_right
                0x20001b80        0x4 examples/libexamples.a(input.c.obj)
                0x20001b80                input_d_right
 .bss.input_d_up
                0x20001b84        0x4 examples/libexamples.a(input.c.obj)
                0x20001b84                input_d_up
 .bss.lastboard
                0x20001b88      0x3c0 examples/libexamples.a(tetris.c.obj)
                0x20001b88                lastboard
 .bss.lazy_vsnprintf
                0x20001f48        0x4 CMakeFiles/main.dir/home/ben/pico-toolchain/pico/pico-sdk/src/rp2_common/pico_printf/printf.c.obj
 .bss.load_value
                0x20001f4c        0x4 CMakeFiles/main.dir/home/ben/pico-toolchain/pico/pico-sdk/src/rp2_common/hardware_watchdog/watchdog.c.obj
 .bss.microSDFatFs
                0x20001f50      0x230 lib/lcd/liblcd.a(LCD_Bmp.c.obj)
                0x20001f50                microSDFatFs
 .bss.next_buffer_ptr
                0x20002180        0x4 CMakeFiles/main.dir/home/ben/pico-toolchain/pico/pico-sdk/lib/tinyusb/src/portable/raspberrypi/rp2040/dcd_rp2040.c.obj
 .bss.object.0  0x20002184       0x18 c:/program files (x86)/arm gnu toolchain arm-none-eabi/11.2 2022.02/bin/../lib/gcc/arm-none-eabi/11.2.1/thumb/v6-m/nofp/crtbegin.o
 .bss.pDirectoryFiles
                0x2000219c       0x64 lib/lcd/liblcd.a(LCD_Bmp.c.obj)
                0x2000219c                pDirectoryFiles
 .bss.pools     0x20002200       0x10 CMakeFiles/main.dir/home/ben/pico-toolchain/pico/pico-sdk/src/common/pico_time/time.c.obj
 .bss.raw_irq_mask
                0x20002210        0x8 CMakeFiles/main.dir/home/ben/pico-toolchain/pico/pico-sdk/src/rp2_common/hardware_gpio/gpio.c.obj
 .bss.retrieved_id
                0x20002218        0x8 CMakeFiles/main.dir/home/ben/pico-toolchain/pico/pico-sdk/src/rp2_common/pico_unique_id/unique_id.c.obj
 .bss.sLCD_DIS  0x20002220        0xa lib/lcd/liblcd.a(LCD_Driver.c.obj)
                0x20002220                sLCD_DIS
 *fill*         0x2000222a        0x2 
 .bss.sTP_DEV   0x2000222c       0x1c lib/lcd/liblcd.a(LCD_Touch.c.obj)
 .bss.sf_clz_func
                0x20002248        0x4 CMakeFiles/main.dir/home/ben/pico-toolchain/pico/pico-sdk/src/rp2_common/pico_double/double_init_rom.c.obj
                0x20002248                sf_clz_func
 .bss.sleep_notifier
                0x2000224c        0x4 CMakeFiles/main.dir/home/ben/pico-toolchain/pico/pico-sdk/src/common/pico_time/time.c.obj
 .bss.stdio_usb_mutex
                0x20002250        0x8 CMakeFiles/main.dir/home/ben/pico-toolchain/pico/pico-sdk/src/rp2_common/pico_stdio_usb/stdio_usb.c.obj
 .bss.target_hi
                0x20002258       0x10 CMakeFiles/main.dir/home/ben/pico-toolchain/pico/pico-sdk/src/rp2_common/hardware_timer/timer.c.obj
 .bss.usbd_serial_str
                0x20002268       0x11 CMakeFiles/main.dir/home/ben/pico-toolchain/pico/pico-sdk/src/rp2_common/pico_stdio_usb/stdio_usb_descriptors.c.obj
 *fill*         0x20002279        0x3 
 .bss.user_irq_claimed
                0x2000227c        0x2 CMakeFiles/main.dir/home/ben/pico-toolchain/pico/pico-sdk/src/rp2_common/hardware_irq/irq.c.obj
 .bss.Fsid      0x2000227e        0x2 lib/fatfs/libfatfs.a(ff.c.obj)
 .bss.SD_Type   0x20002280        0x1 lib/sdcard/libsdcard.a(MMC_SD.c.obj)
                0x20002280                SD_Type
 .bss._app_driver_count
                0x20002281        0x1 CMakeFiles/main.dir/home/ben/pico-toolchain/pico/pico-sdk/lib/tinyusb/src/device/usbd.c.obj
 .bss._usbd_initialized
                0x20002282        0x1 CMakeFiles/main.dir/home/ben/pico-toolchain/pico/pico-sdk/lib/tinyusb/src/device/usbd.c.obj
 .bss.boot2_copyout_valid
                0x20002283        0x1 CMakeFiles/main.dir/home/ben/pico-toolchain/pico/pico-sdk/src/rp2_common/hardware_flash/flash.c.obj
 .bss.claimed   0x20002284        0x1 CMakeFiles/main.dir/home/ben/pico-toolchain/pico/pico-sdk/src/rp2_common/hardware_timer/timer.c.obj
 .bss.f_res     0x20002285        0x1 lib/lcd/liblcd.a(LCD_Bmp.c.obj)
                0x20002285                f_res
 .bss.id        0x20002286        0x1 lib/lcd/liblcd.a(LCD_Driver.c.obj)
                0x20002286                id
 .bss.irq_hander_chain_free_slot_head
                0x20002287        0x1 CMakeFiles/main.dir/home/ben/pico-toolchain/pico/pico-sdk/src/rp2_common/hardware_irq/irq.c.obj
 .bss.isReady   0x20002288        0x1 examples/libexamples.a(tetris.c.obj)
                0x20002288                isReady
 .bss.itf_num   0x20002289        0x1 CMakeFiles/main.dir/home/ben/pico-toolchain/pico/pico-sdk/src/rp2_common/pico_stdio_usb/reset_interface.c.obj
 .bss.low_priority_irq_num
                0x2000228a        0x1 CMakeFiles/main.dir/home/ben/pico-toolchain/pico/pico-sdk/src/rp2_common/pico_stdio_usb/stdio_usb.c.obj
 .bss.state     0x2000228b        0x1 examples/libexamples.a(tetris.c.obj)
                0x2000228b                state
 .bss.tet_IgnoreIRQ
                0x2000228c        0x1 examples/libexamples.a(tetris.c.obj)
                0x2000228c                tet_IgnoreIRQ
 .bss.tet_Outputting
                0x2000228d        0x1 examples/libexamples.a(tetris.c.obj)
                0x2000228d                tet_Outputting
 .bss.tet_ReRender
                0x2000228e        0x1 examples/libexamples.a(tetris.c.obj)
                0x2000228e                tet_ReRender
 .bss.timer_callbacks_pending
                0x2000228f        0x1 CMakeFiles/main.dir/home/ben/pico-toolchain/pico/pico-sdk/src/rp2_common/hardware_timer/timer.c.obj
 *(COMMON)
                0x20002290                . = ALIGN (0x4)
                0x20002290                __bss_end__ = .

.heap           0x20002290      0x800
                0x20002290                __end__ = .
                0x20002290                end = __end__
 *(.heap*)
 .heap          0x20002290      0x800 CMakeFiles/main.dir/home/ben/pico-toolchain/pico/pico-sdk/src/rp2_common/pico_standard_link/crt0.S.obj
                0x20002a90                __HeapLimit = .

.stack1_dummy   0x20040000        0x0
 *(.stack1*)

.stack_dummy    0x20041000      0x800
 *(.stack*)
 .stack         0x20041000      0x800 CMakeFiles/main.dir/home/ben/pico-toolchain/pico/pico-sdk/src/rp2_common/pico_standard_link/crt0.S.obj

.flash_end      0x1000e6c4        0x0
                0x1000e6c4                __flash_binary_end = .
                0x20040000                __StackLimit = (ORIGIN (RAM) + LENGTH (RAM))
                0x20041000                __StackOneTop = (ORIGIN (SCRATCH_X) + LENGTH (SCRATCH_X))
                0x20042000                __StackTop = (ORIGIN (SCRATCH_Y) + LENGTH (SCRATCH_Y))
                0x20041000                __StackOneBottom = (__StackOneTop - SIZEOF (.stack1_dummy))
                0x20041800                __StackBottom = (__StackTop - SIZEOF (.stack_dummy))
                0x20042000                PROVIDE (__stack = __StackTop)
                0x00000001                ASSERT ((__StackLimit >= __HeapLimit), region RAM overflowed)
                0x00000001                ASSERT (((__binary_info_header_end - __logical_binary_start) <= 0x100), Binary info must be in first 256 bytes of the binary)
LOAD CMakeFiles/main.dir/main.c.obj
LOAD CMakeFiles/main.dir/home/ben/pico-toolchain/pico/pico-sdk/src/rp2_common/pico_stdlib/stdlib.c.obj
LOAD CMakeFiles/main.dir/home/ben/pico-toolchain/pico/pico-sdk/src/rp2_common/hardware_gpio/gpio.c.obj
LOAD CMakeFiles/main.dir/home/ben/pico-toolchain/pico/pico-sdk/src/rp2_common/hardware_claim/claim.c.obj
LOAD CMakeFiles/main.dir/home/ben/pico-toolchain/pico/pico-sdk/src/rp2_common/pico_platform/platform.c.obj
LOAD CMakeFiles/main.dir/home/ben/pico-toolchain/pico/pico-sdk/src/rp2_common/hardware_sync/sync.c.obj
LOAD CMakeFiles/main.dir/home/ben/pico-toolchain/pico/pico-sdk/src/rp2_common/hardware_irq/irq.c.obj
LOAD CMakeFiles/main.dir/home/ben/pico-toolchain/pico/pico-sdk/src/rp2_common/hardware_irq/irq_handler_chain.S.obj
LOAD CMakeFiles/main.dir/home/ben/pico-toolchain/pico/pico-sdk/src/common/pico_sync/sem.c.obj
LOAD CMakeFiles/main.dir/home/ben/pico-toolchain/pico/pico-sdk/src/common/pico_sync/lock_core.c.obj
LOAD CMakeFiles/main.dir/home/ben/pico-toolchain/pico/pico-sdk/src/common/pico_time/time.c.obj
LOAD CMakeFiles/main.dir/home/ben/pico-toolchain/pico/pico-sdk/src/common/pico_time/timeout_helper.c.obj
LOAD CMakeFiles/main.dir/home/ben/pico-toolchain/pico/pico-sdk/src/rp2_common/hardware_timer/timer.c.obj
LOAD CMakeFiles/main.dir/home/ben/pico-toolchain/pico/pico-sdk/src/common/pico_util/datetime.c.obj
LOAD CMakeFiles/main.dir/home/ben/pico-toolchain/pico/pico-sdk/src/common/pico_util/pheap.c.obj
LOAD CMakeFiles/main.dir/home/ben/pico-toolchain/pico/pico-sdk/src/common/pico_util/queue.c.obj
LOAD CMakeFiles/main.dir/home/ben/pico-toolchain/pico/pico-sdk/src/common/pico_sync/mutex.c.obj
LOAD CMakeFiles/main.dir/home/ben/pico-toolchain/pico/pico-sdk/src/common/pico_sync/critical_section.c.obj
LOAD CMakeFiles/main.dir/home/ben/pico-toolchain/pico/pico-sdk/src/rp2_common/hardware_uart/uart.c.obj
LOAD CMakeFiles/main.dir/home/ben/pico-toolchain/pico/pico-sdk/src/rp2_common/hardware_divider/divider.S.obj
LOAD CMakeFiles/main.dir/home/ben/pico-toolchain/pico/pico-sdk/src/rp2_common/pico_runtime/runtime.c.obj
LOAD CMakeFiles/main.dir/home/ben/pico-toolchain/pico/pico-sdk/src/rp2_common/hardware_clocks/clocks.c.obj
LOAD CMakeFiles/main.dir/home/ben/pico-toolchain/pico/pico-sdk/src/rp2_common/hardware_pll/pll.c.obj
LOAD CMakeFiles/main.dir/home/ben/pico-toolchain/pico/pico-sdk/src/rp2_common/hardware_vreg/vreg.c.obj
LOAD CMakeFiles/main.dir/home/ben/pico-toolchain/pico/pico-sdk/src/rp2_common/hardware_watchdog/watchdog.c.obj
LOAD CMakeFiles/main.dir/home/ben/pico-toolchain/pico/pico-sdk/src/rp2_common/hardware_xosc/xosc.c.obj
LOAD CMakeFiles/main.dir/home/ben/pico-toolchain/pico/pico-sdk/src/rp2_common/pico_printf/printf.c.obj
LOAD CMakeFiles/main.dir/home/ben/pico-toolchain/pico/pico-sdk/src/rp2_common/pico_bit_ops/bit_ops_aeabi.S.obj
LOAD CMakeFiles/main.dir/home/ben/pico-toolchain/pico/pico-sdk/src/rp2_common/pico_bootrom/bootrom.c.obj
LOAD CMakeFiles/main.dir/home/ben/pico-toolchain/pico/pico-sdk/src/rp2_common/pico_divider/divider.S.obj
LOAD CMakeFiles/main.dir/home/ben/pico-toolchain/pico/pico-sdk/src/rp2_common/pico_double/double_aeabi.S.obj
LOAD CMakeFiles/main.dir/home/ben/pico-toolchain/pico/pico-sdk/src/rp2_common/pico_double/double_init_rom.c.obj
LOAD CMakeFiles/main.dir/home/ben/pico-toolchain/pico/pico-sdk/src/rp2_common/pico_double/double_math.c.obj
LOAD CMakeFiles/main.dir/home/ben/pico-toolchain/pico/pico-sdk/src/rp2_common/pico_double/double_v1_rom_shim.S.obj
LOAD CMakeFiles/main.dir/home/ben/pico-toolchain/pico/pico-sdk/src/rp2_common/pico_int64_ops/pico_int64_ops_aeabi.S.obj
LOAD CMakeFiles/main.dir/home/ben/pico-toolchain/pico/pico-sdk/src/rp2_common/pico_float/float_aeabi.S.obj
LOAD CMakeFiles/main.dir/home/ben/pico-toolchain/pico/pico-sdk/src/rp2_common/pico_float/float_init_rom.c.obj
LOAD CMakeFiles/main.dir/home/ben/pico-toolchain/pico/pico-sdk/src/rp2_common/pico_float/float_math.c.obj
LOAD CMakeFiles/main.dir/home/ben/pico-toolchain/pico/pico-sdk/src/rp2_common/pico_float/float_v1_rom_shim.S.obj
LOAD CMakeFiles/main.dir/home/ben/pico-toolchain/pico/pico-sdk/src/rp2_common/pico_malloc/pico_malloc.c.obj